
> design-react-kit@5.9.2 build
> tsup && tsc

[34mCLI[39m Building entry: src/index.ts, src/track-focus.js, src/transitions.ts, src/utils.tsx, src/Accordion/Accordion.tsx, src/Accordion/AccordionBody.tsx, src/Accordion/AccordionHeader.tsx, src/Accordion/AccordionItem.tsx, src/Alert/Alert.tsx, src/Autocomplete/Autocomplete.tsx, src/Avatar/AvatarContainer.tsx, src/Avatar/AvatarExtraText.tsx, src/Avatar/AvatarGroupContainer.tsx, src/Avatar/AvatarIcon.tsx, src/Avatar/AvatarPresence.tsx, src/Avatar/AvatarStatus.tsx, src/Avatar/AvatarWrapper.tsx, src/BackToTop/BackToTop.tsx, src/Badge/Badge.tsx, src/BottomNav/BottomNav.tsx, src/BottomNav/BottomNavItem.tsx, src/Breadcrumb/Breadcrumb.tsx, src/Callout/Callout.tsx, src/Callout/CalloutMoreFooter.tsx, src/Callout/CalloutText.tsx, src/Callout/CalloutTitle.tsx, src/Button/Button.tsx, src/Carousel/Carousel.tsx, src/Carousel/CarouselSlide.tsx, src/Card/Card.tsx, src/Card/CardBody.tsx, src/Card/CardCategory.tsx, src/Card/CardFooterCTA.tsx, src/Card/CardReadMore.tsx, src/Card/CardSignature.tsx, src/Card/CardTag.tsx, src/Card/CardTagsHeader.tsx, src/Card/CardText.tsx, src/Card/CardTitle.tsx, src/Chips/Chip.tsx, src/Chips/ChipLabel.tsx, src/Collapse/Collapse.tsx, src/Dimmer/Dimmer.tsx, src/Dimmer/DimmerButtons.tsx, src/Dropdown/Dropdown.tsx, src/Dropdown/DropdownMenu.tsx, src/Dropdown/DropdownToggle.tsx, src/Grid/GridItem.tsx, src/Grid/GridItemText.tsx, src/Grid/GridItemTextWrapper.tsx, src/Grid/GridList.tsx, src/Grid/GridRow.tsx, src/Grid/index.ts, src/Forward/Forward.tsx, src/GoBack/GoBack.tsx, src/FontLoader/FontLoader.tsx, src/Icon/EmptyIcon.tsx, src/Icon/Icon.tsx, src/Header/Header.tsx, src/Header/HeaderBrand.tsx, src/Header/HeaderContent.tsx, src/Header/HeaderContext.tsx, src/Header/HeaderLinkZone.tsx, src/Header/HeaderRightZone.tsx, src/Header/Headers.tsx, src/Header/HeaderSearch.tsx, src/Header/HeaderSocialsZone.tsx, src/Header/HeaderToggler.tsx, src/Hero/Hero.tsx, src/Hero/HeroBackground.tsx, src/Hero/HeroBody.tsx, src/Hero/HeroButton.tsx, src/Hero/HeroCategory.tsx, src/Hero/HeroTitle.tsx, src/Hero/index.ts, src/Input/Input.tsx, src/Input/InputContainer.tsx, src/Input/TextArea.tsx, src/Input/utils.tsx, src/LinkList/LinkList.tsx, src/LinkList/LinkListItem.tsx, src/Modal/Modal.tsx, src/Modal/ModalBody.tsx, src/Modal/ModalFooter.tsx, src/Modal/ModalHeader.tsx, src/Megamenu/MegamenuFooter.tsx, src/Megamenu/MegamenuHighlightColumn.tsx, src/Megamenu/MegamenuItem.tsx, src/List/List.tsx, src/List/ListItem.tsx, src/Nav/Nav.tsx, src/Notification/core.tsx, src/Notification/index.ts, src/Notification/Notification.tsx, src/Notification/NotificationContent.tsx, src/Notification/NotificationManager.tsx, src/Notification/types.ts, src/Notification/usePosition.tsx, src/NavScroll/debounce.ts, src/NavScroll/index.ts, src/NavScroll/types.ts, src/NavScroll/useNavScroll.ts, src/NavScroll/useSizeDetector.ts, src/Rating/Rating.tsx, src/Pager/Pager.tsx, src/ResponsiveImage/ResponsiveImage.tsx, src/Progress/Progress.tsx, src/Section/Section.tsx, src/Select/Select.tsx, src/Skiplink/Skiplink.tsx, src/Skiplink/SkiplinkItem.tsx, src/Sidebar/Sidebar.tsx, src/Spinner/Spinner.tsx, src/ThumbNav/ThumbNav.tsx, src/ThumbNav/ThumbNavItem.tsx, src/Stepper/StepperContainer.tsx, src/Stepper/StepperContent.tsx, src/Stepper/StepperDots.tsx, src/Stepper/StepperHeader.tsx, src/Stepper/StepperHeaderElement.tsx, src/Stepper/StepperNav.tsx, src/Timeline/TimelinePin.tsx, src/Timeline/TimelineWrapper.tsx, src/Tab/TabNav.tsx, src/Tab/TabNavItem.tsx, src/Tab/TabNavLink.tsx, src/Tab/TabPanel.tsx, src/Toolbar/Toolbar.tsx, src/Toolbar/ToolbarDividerItem.tsx, src/Toolbar/ToolbarItem.tsx, src/Transfer/BacktransferButton.tsx, src/Transfer/Item.tsx, src/Transfer/ResetButton.tsx, src/Transfer/SelectAllCheckbox.tsx, src/Transfer/Source.tsx, src/Transfer/Target.tsx, src/Transfer/Transfer.tsx, src/Transfer/TransferButton.tsx, src/Transfer/useTransferContext.tsx, src/Toggle/Toggle.tsx, src/types/svg.d.ts, src/Upload/Upload.tsx, src/Upload/UploadDragNdrop.tsx, src/Upload/UploadList.tsx, src/Upload/UploadListItem.tsx, src/Upload/useUploadContext.ts, src/Icon/assets/index.ts, src/Icon/assets/ItAndroid.tsx, src/Icon/assets/ItAndroidSquare.tsx, src/Icon/assets/ItApple.tsx, src/Icon/assets/ItAppleSquare.tsx, src/Icon/assets/ItArrowDown.tsx, src/Icon/assets/ItArrowDownCircle.tsx, src/Icon/assets/ItArrowDownTriangle.tsx, src/Icon/assets/ItArrowLeft.tsx, src/Icon/assets/ItArrowLeftCircle.tsx, src/Icon/assets/ItArrowLeftTriangle.tsx, src/Icon/assets/ItArrowRight.tsx, src/Icon/assets/ItArrowRightCircle.tsx, src/Icon/assets/ItArrowRightTriangle.tsx, src/Icon/assets/ItArrowUp.tsx, src/Icon/assets/ItArrowUpCircle.tsx, src/Icon/assets/ItArrowUpTriangle.tsx, src/Icon/assets/ItBan.tsx, src/Icon/assets/ItBehance.tsx, src/Icon/assets/ItBluesky.tsx, src/Icon/assets/ItBookmark.tsx, src/Icon/assets/ItBox.tsx, src/Icon/assets/ItBurger.tsx, src/Icon/assets/ItCalendar.tsx, src/Icon/assets/ItCamera.tsx, src/Icon/assets/ItCar.tsx, src/Icon/assets/ItCard.tsx, src/Icon/assets/ItCart.tsx, src/Icon/assets/ItChartLine.tsx, src/Icon/assets/ItCheck.tsx, src/Icon/assets/ItCheckCircle.tsx, src/Icon/assets/ItChevronLeft.tsx, src/Icon/assets/ItChevronRight.tsx, src/Icon/assets/ItClip.tsx, src/Icon/assets/ItClock.tsx, src/Icon/assets/ItClose.tsx, src/Icon/assets/ItCloseBig.tsx, src/Icon/assets/ItCloseCircle.tsx, src/Icon/assets/ItCodeCircle.tsx, src/Icon/assets/ItCollapse.tsx, src/Icon/assets/ItComment.tsx, src/Icon/assets/ItCopy.tsx, src/Icon/assets/ItDelete.tsx, src/Icon/assets/ItDesignersItalia.tsx, src/Icon/assets/ItDownload.tsx, src/Icon/assets/ItError.tsx, src/Icon/assets/ItExchangeCircle.tsx, src/Icon/assets/ItExpand.tsx, src/Icon/assets/ItExternalLink.tsx, src/Icon/assets/ItFacebook.tsx, src/Icon/assets/ItFacebookSquare.tsx, src/Icon/assets/ItFigma.tsx, src/Icon/assets/ItFigmaSquare.tsx, src/Icon/assets/ItFile.tsx, src/Icon/assets/ItFileAudio.tsx, src/Icon/assets/ItFileCompressed.tsx, src/Icon/assets/ItFileCsv.tsx, src/Icon/assets/ItFileDocx.tsx, src/Icon/assets/ItFileImage.tsx, src/Icon/assets/ItFileJson.tsx, src/Icon/assets/ItFileOdp.tsx, src/Icon/assets/ItFileOds.tsx, src/Icon/assets/ItFileOdt.tsx, src/Icon/assets/ItFilePdf.tsx, src/Icon/assets/ItFilePdfExt.tsx, src/Icon/assets/ItFilePpt.tsx, src/Icon/assets/ItFiles.tsx, src/Icon/assets/ItFileSheet.tsx, src/Icon/assets/ItFileSigned.tsx, src/Icon/assets/ItFileSlides.tsx, src/Icon/assets/ItFileTxt.tsx, src/Icon/assets/ItFileVideo.tsx, src/Icon/assets/ItFileXlsx.tsx, src/Icon/assets/ItFileXml.tsx, src/Icon/assets/ItFlag.tsx, src/Icon/assets/ItFlickr.tsx, src/Icon/assets/ItFlickrSquare.tsx, src/Icon/assets/ItFolder.tsx, src/Icon/assets/ItFullscreen.tsx, src/Icon/assets/ItFunnel.tsx, src/Icon/assets/ItGithub.tsx, src/Icon/assets/ItGoogle.tsx, src/Icon/assets/ItHearing.tsx, src/Icon/assets/ItHelp.tsx, src/Icon/assets/ItHelpCircle.tsx, src/Icon/assets/ItHorn.tsx, src/Icon/assets/ItInbox.tsx, src/Icon/assets/ItInfoCircle.tsx, src/Icon/assets/ItInstagram.tsx, src/Icon/assets/ItKey.tsx, src/Icon/assets/ItLessCircle.tsx, src/Icon/assets/ItLink.tsx, src/Icon/assets/ItLinkedin.tsx, src/Icon/assets/ItLinkedinSquare.tsx, src/Icon/assets/ItList.tsx, src/Icon/assets/ItLock.tsx, src/Icon/assets/ItLocked.tsx, src/Icon/assets/ItLogout.tsx, src/Icon/assets/ItMail.tsx, src/Icon/assets/ItMailOpen.tsx, src/Icon/assets/ItMapMarker.tsx, src/Icon/assets/ItMapMarkerCircle.tsx, src/Icon/assets/ItMapMarkerMinus.tsx, src/Icon/assets/ItMapMarkerPlus.tsx, src/Icon/assets/ItMastodon.tsx, src/Icon/assets/ItMastodonSquare.tsx, src/Icon/assets/ItMaximize.tsx, src/Icon/assets/ItMaximizeAlt.tsx, src/Icon/assets/ItMedium.tsx, src/Icon/assets/ItMediumSquare.tsx, src/Icon/assets/ItMinimize.tsx, src/Icon/assets/ItMinus.tsx, src/Icon/assets/ItMinusCircle.tsx, src/Icon/assets/ItMoodle.tsx, src/Icon/assets/ItMoodleSquare.tsx, src/Icon/assets/ItMoreActions.tsx, src/Icon/assets/ItMoreItems.tsx, src/Icon/assets/ItNote.tsx, src/Icon/assets/ItOpenSource.tsx, src/Icon/assets/ItPa.tsx, src/Icon/assets/ItPasswordInvisible.tsx, src/Icon/assets/ItPasswordVisible.tsx, src/Icon/assets/ItPencil.tsx, src/Icon/assets/ItPiattaforme.tsx, src/Icon/assets/ItPin.tsx, src/Icon/assets/ItPinterest.tsx, src/Icon/assets/ItPinterestSquare.tsx, src/Icon/assets/ItPlug.tsx, src/Icon/assets/ItPlus.tsx, src/Icon/assets/ItPlusCircle.tsx, src/Icon/assets/ItPresentation.tsx, src/Icon/assets/ItPrint.tsx, src/Icon/assets/ItQuora.tsx, src/Icon/assets/ItQuoraSquare.tsx, src/Icon/assets/ItReddit.tsx, src/Icon/assets/ItRedditSquare.tsx, src/Icon/assets/ItRefresh.tsx, src/Icon/assets/ItRestore.tsx, src/Icon/assets/ItRss.tsx, src/Icon/assets/ItRssSquare.tsx, src/Icon/assets/ItSearch.tsx, src/Icon/assets/ItSettings.tsx, src/Icon/assets/ItShare.tsx, src/Icon/assets/ItSign.tsx, src/Icon/assets/ItSlack.tsx, src/Icon/assets/ItSlackSquare.tsx, src/Icon/assets/ItSnapchat.tsx, src/Icon/assets/ItSnapchatSquare.tsx, src/Icon/assets/ItSoftware.tsx, src/Icon/assets/ItSpotify.tsx, src/Icon/assets/ItStackexchange.tsx, src/Icon/assets/ItStackexchangeSquare.tsx, src/Icon/assets/ItStackoverflow.tsx, src/Icon/assets/ItStackoverflowSquare.tsx, src/Icon/assets/ItStarFull.tsx, src/Icon/assets/ItStarOutline.tsx, src/Icon/assets/ItTeamDigitale.tsx, src/Icon/assets/ItTelegram.tsx, src/Icon/assets/ItTelephone.tsx, src/Icon/assets/ItThreads.tsx, src/Icon/assets/ItThreadsSquare.tsx, src/Icon/assets/ItTiktok.tsx, src/Icon/assets/ItTiktokSquare.tsx, src/Icon/assets/ItTool.tsx, src/Icon/assets/ItTwitter.tsx, src/Icon/assets/ItTwitterSquare.tsx, src/Icon/assets/ItUnlocked.tsx, src/Icon/assets/ItUpload.tsx, src/Icon/assets/ItUser.tsx, src/Icon/assets/ItVideo.tsx, src/Icon/assets/ItVimeo.tsx, src/Icon/assets/ItVimeoSquare.tsx, src/Icon/assets/ItWarning.tsx, src/Icon/assets/ItWarningCircle.tsx, src/Icon/assets/ItWhatsapp.tsx, src/Icon/assets/ItWhatsappSquare.tsx, src/Icon/assets/ItWifi.tsx, src/Icon/assets/ItYoutube.tsx, src/Icon/assets/ItZoomIn.tsx, src/Icon/assets/ItZoomOut.tsx, src/Video/Video.tsx
[34mCLI[39m Using tsconfig: tsconfig.json
[34mCLI[39m tsup v8.5.1
[34mCLI[39m Using tsup config: D:\eneait\refactor-designer-italia\tsup.config.ts
[34mCLI[39m Target: esnext
[34mCLI[39m Cleaning output folder
[34mCJS[39m Build start
[34mESM[39m Build start
[32mESM[39m [1mdist\assets\upload-drag-drop-icon.svg         [22m[32m2.34 KB[39m
[32mESM[39m [1mdist\Accordion\Accordion.js                   [22m[32m384.00 B[39m
[32mESM[39m [1mdist\track-focus.js                           [22m[32m552.00 B[39m
[32mESM[39m [1mdist\transitions.js                           [22m[32m287.00 B[39m
[32mESM[39m [1mdist\Accordion\AccordionHeader.js             [22m[32m448.00 B[39m
[32mESM[39m [1mdist\Autocomplete\Autocomplete.js             [22m[32m1.93 KB[39m
[32mESM[39m [1mdist\utils.js                                 [22m[32m611.00 B[39m
[32mESM[39m [1mdist\Accordion\AccordionBody.js               [22m[32m1.58 KB[39m
[32mESM[39m [1mdist\Alert\Alert.js                           [22m[32m245.00 B[39m
[32mESM[39m [1mdist\Accordion\AccordionItem.js               [22m[32m235.00 B[39m
[32mESM[39m [1mdist\Avatar\AvatarExtraText.js                [22m[32m260.00 B[39m
[32mESM[39m [1mdist\Avatar\AvatarContainer.js                [22m[32m323.00 B[39m
[32mESM[39m [1mdist\Avatar\AvatarIcon.js                     [22m[32m416.00 B[39m
[32mESM[39m [1mdist\Avatar\AvatarGroupContainer.js           [22m[32m286.00 B[39m
[32mESM[39m [1mdist\Avatar\AvatarWrapper.js                  [22m[32m294.00 B[39m
[32mESM[39m [1mdist\Avatar\AvatarPresence.js                 [22m[32m287.00 B[39m
[32mESM[39m [1mdist\Avatar\AvatarStatus.js                   [22m[32m277.00 B[39m
[32mESM[39m [1mdist\Badge\Badge.js                           [22m[32m253.00 B[39m
[32mESM[39m [1mdist\BottomNav\BottomNav.js                   [22m[32m208.00 B[39m
[32mESM[39m [1mdist\BackToTop\BackToTop.js                   [22m[32m178.35 KB[39m
[32mESM[39m [1mdist\BottomNav\BottomNavItem.js               [22m[32m178.43 KB[39m
[32mESM[39m [1mdist\index.js                                 [22m[32m254.66 KB[39m
[32mESM[39m [1mdist\Breadcrumb\Breadcrumb.js                 [22m[32m406.00 B[39m
[32mESM[39m [1mdist\Button\Button.js                         [22m[32m364.00 B[39m
[32mESM[39m [1mdist\Callout\CalloutText.js                   [22m[32m286.00 B[39m
[32mESM[39m [1mdist\Carousel\Carousel.js                     [22m[32m2.54 KB[39m
[32mESM[39m [1mdist\Callout\CalloutTitle.js                  [22m[32m270.00 B[39m
[32mESM[39m [1mdist\Carousel\CarouselSlide.js                [22m[32m252.00 B[39m
[32mESM[39m [1mdist\Card\CardBody.js                         [22m[32m203.00 B[39m
[32mESM[39m [1mdist\Card\CardFooterCTA.js                    [22m[32m260.00 B[39m
[32mESM[39m [1mdist\Callout\Callout.js                       [22m[32m394.00 B[39m
[32mESM[39m [1mdist\Card\CardSignature.js                    [22m[32m261.00 B[39m
[32mESM[39m [1mdist\Card\CardTagsHeader.js                   [22m[32m325.00 B[39m
[32mESM[39m [1mdist\Card\CardTag.js                          [22m[32m240.00 B[39m
[32mESM[39m [1mdist\Card\Card.js                             [22m[32m688.00 B[39m
[32mESM[39m [1mdist\Card\CardText.js                         [22m[32m176.00 B[39m
[32mESM[39m [1mdist\Chips\Chip.js                            [22m[32m344.00 B[39m
[32mESM[39m [1mdist\Chips\ChipLabel.js                       [22m[32m249.00 B[39m
[32mESM[39m [1mdist\Card\CardTitle.js                        [22m[32m179.00 B[39m
[32mESM[39m [1mdist\Dimmer\DimmerButtons.js                  [22m[32m323.00 B[39m
[32mESM[39m [1mdist\Dropdown\DropdownMenu.js                 [22m[32m420.00 B[39m
[32mESM[39m [1mdist\Callout\CalloutMoreFooter.js             [22m[32m178.99 KB[39m
[32mESM[39m [1mdist\Card\CardReadMore.js                     [22m[32m178.03 KB[39m
[32mESM[39m [1mdist\Grid\GridItem.js                         [22m[32m265.00 B[39m
[32mESM[39m [1mdist\Dropdown\Dropdown.js                     [22m[32m456.00 B[39m
[32mESM[39m [1mdist\Grid\GridItemTextWrapper.js              [22m[32m292.00 B[39m
[32mESM[39m [1mdist\Grid\GridItemText.js                     [22m[32m262.00 B[39m
[32mESM[39m [1mdist\Forward\Forward.js                       [22m[32m376.00 B[39m
[32mESM[39m [1mdist\Grid\GridRow.js                          [22m[32m243.00 B[39m
[32mESM[39m [1mdist\Grid\GridList.js                         [22m[32m257.00 B[39m
[32mESM[39m [1mdist\FontLoader\FontLoader.js                 [22m[32m608.00 B[39m
[32mESM[39m [1mdist\Grid\index.js                            [22m[32m1.10 KB[39m
[32mESM[39m [1mdist\Card\CardCategory.js                     [22m[32m178.44 KB[39m
[32mESM[39m [1mdist\Icon\EmptyIcon.js                        [22m[32m298.00 B[39m
[32mESM[39m [1mdist\Header\Header.js                         [22m[32m537.00 B[39m
[32mESM[39m [1mdist\Header\HeaderRightZone.js                [22m[32m443.00 B[39m
[32mESM[39m [1mdist\Dimmer\Dimmer.js                         [22m[32m178.16 KB[39m
[32mESM[39m [1mdist\Collapse\Collapse.js                     [22m[32m178.72 KB[39m
[32mESM[39m [1mdist\Header\HeaderContext.js                  [22m[32m256.00 B[39m
[32mESM[39m [1mdist\Header\HeaderLinkZone.js                 [22m[32m281.00 B[39m
[32mESM[39m [1mdist\Header\HeaderContent.js                  [22m[32m728.00 B[39m
[32mESM[39m [1mdist\Header\Headers.js                        [22m[32m315.00 B[39m
[32mESM[39m [1mdist\Header\HeaderToggler.js                  [22m[32m706.00 B[39m
[32mESM[39m [1mdist\Dropdown\DropdownToggle.js               [22m[32m178.38 KB[39m
[32mESM[39m [1mdist\Header\HeaderSocialsZone.js              [22m[32m324.00 B[39m
[32mESM[39m [1mdist\Hero\HeroBody.js                         [22m[32m386.00 B[39m
[32mESM[39m [1mdist\Hero\Hero.js                             [22m[32m389.00 B[39m
[32mESM[39m [1mdist\Hero\HeroBackground.js                   [22m[32m336.00 B[39m
[32mESM[39m [1mdist\Header\HeaderBrand.js                    [22m[32m178.54 KB[39m
[32mESM[39m [1mdist\Hero\HeroCategory.js                     [22m[32m244.00 B[39m
[32mESM[39m [1mdist\Hero\HeroButton.js                       [22m[32m591.00 B[39m
[32mESM[39m [1mdist\Input\InputContainer.js                  [22m[32m893.00 B[39m
[32mESM[39m [1mdist\Hero\HeroTitle.js                        [22m[32m230.00 B[39m
[32mESM[39m [1mdist\Hero\index.js                            [22m[32m1.89 KB[39m
[32mESM[39m [1mdist\Icon\Icon.js                             [22m[32m177.94 KB[39m
[32mESM[39m [1mdist\Input\utils.js                           [22m[32m1.67 KB[39m
[32mESM[39m [1mdist\LinkList\LinkList.js                     [22m[32m571.00 B[39m
[32mESM[39m [1mdist\LinkList\LinkListItem.js                 [22m[32m867.00 B[39m
[32mESM[39m [1mdist\Megamenu\MegamenuFooter.js               [22m[32m374.00 B[39m
[32mESM[39m [1mdist\Modal\ModalFooter.js                     [22m[32m162.00 B[39m
[32mESM[39m [1mdist\Input\TextArea.js                        [22m[32m3.45 KB[39m
[32mESM[39m [1mdist\Modal\Modal.js                           [22m[32m536.00 B[39m
[32mESM[39m [1mdist\Modal\ModalBody.js                       [22m[32m156.00 B[39m
[32mESM[39m [1mdist\Header\HeaderSearch.js                   [22m[32m178.11 KB[39m
[32mESM[39m [1mdist\GoBack\GoBack.js                         [22m[32m178.33 KB[39m
[32mESM[39m [1mdist\Nav\Nav.js                               [22m[32m292.00 B[39m
[32mESM[39m [1mdist\Megamenu\MegamenuHighlightColumn.js      [22m[32m489.00 B[39m
[32mESM[39m [1mdist\List\ListItem.js                         [22m[32m791.00 B[39m
[32mESM[39m [1mdist\Notification\Notification.js             [22m[32m571.00 B[39m
[32mESM[39m [1mdist\List\List.js                             [22m[32m386.00 B[39m
[32mESM[39m [1mdist\Input\Input.js                           [22m[32m184.59 KB[39m
[32mESM[39m [1mdist\Notification\usePosition.js              [22m[32m181.00 B[39m
[32mESM[39m [1mdist\Notification\NotificationManager.js      [22m[32m1.56 KB[39m
[32mESM[39m [1mdist\Notification\index.js                    [22m[32m180.81 KB[39m
[32mESM[39m [1mdist\Megamenu\MegamenuItem.js                 [22m[32m179.58 KB[39m
[32mESM[39m [1mdist\NavScroll\debounce.js                    [22m[32m142.00 B[39m
[32mESM[39m [1mdist\Notification\types.js                    [22m[32m33.00 B[39m
[32mESM[39m [1mdist\Modal\ModalHeader.js                     [22m[32m178.26 KB[39m
[32mESM[39m [1mdist\ResponsiveImage\ResponsiveImage.js       [22m[32m778.00 B[39m
[32mESM[39m [1mdist\NavScroll\index.js                       [22m[32m4.07 KB[39m
[32mESM[39m [1mdist\NavScroll\useSizeDetector.js             [22m[32m1014.00 B[39m
[32mESM[39m [1mdist\NavScroll\useNavScroll.js                [22m[32m4.08 KB[39m
[32mESM[39m [1mdist\Pager\Pager.js                           [22m[32m1.90 KB[39m
[32mESM[39m [1mdist\NavScroll\types.js                       [22m[32m33.00 B[39m
[32mESM[39m [1mdist\Progress\Progress.js                     [22m[32m1.18 KB[39m
[32mESM[39m [1mdist\Skiplink\SkiplinkItem.js                 [22m[32m415.00 B[39m
[32mESM[39m [1mdist\Notification\NotificationContent.js      [22m[32m179.30 KB[39m
[32mESM[39m [1mdist\Skiplink\Skiplink.js                     [22m[32m405.00 B[39m
[32mESM[39m [1mdist\Select\Select.js                         [22m[32m439.00 B[39m
[32mESM[39m [1mdist\Spinner\Spinner.js                       [22m[32m647.00 B[39m
[32mESM[39m [1mdist\ThumbNav\ThumbNav.js                     [22m[32m531.00 B[39m
[32mESM[39m [1mdist\ThumbNav\ThumbNavItem.js                 [22m[32m367.00 B[39m
[32mESM[39m [1mdist\Sidebar\Sidebar.js                       [22m[32m503.00 B[39m
[32mESM[39m [1mdist\Section\Section.js                       [22m[32m801.00 B[39m
[32mESM[39m [1mdist\Stepper\StepperContent.js                [22m[32m585.00 B[39m
[32mESM[39m [1mdist\Stepper\StepperContainer.js              [22m[32m312.00 B[39m
[32mESM[39m [1mdist\Stepper\StepperDots.js                   [22m[32m254.00 B[39m
[32mESM[39m [1mdist\Timeline\TimelineWrapper.js              [22m[32m273.00 B[39m
[32mESM[39m [1mdist\Stepper\StepperHeader.js                 [22m[32m365.00 B[39m
[32mESM[39m [1mdist\Stepper\StepperNav.js                    [22m[32m252.00 B[39m
[32mESM[39m [1mdist\Tab\TabNav.js                            [22m[32m1.03 KB[39m
[32mESM[39m [1mdist\Notification\core.js                     [22m[32m179.55 KB[39m
[32mESM[39m [1mdist\Tab\TabNavItem.js                        [22m[32m247.00 B[39m
[32mESM[39m [1mdist\Toolbar\ToolbarDividerItem.js            [22m[32m209.00 B[39m
[32mESM[39m [1mdist\Tab\TabNavLink.js                        [22m[32m222.00 B[39m
[32mESM[39m [1mdist\Toolbar\Toolbar.js                       [22m[32m436.00 B[39m
[32mESM[39m [1mdist\Tab\TabPanel.js                          [22m[32m227.00 B[39m
[32mESM[39m [1mdist\Stepper\StepperHeaderElement.js          [22m[32m178.35 KB[39m
[32mESM[39m [1mdist\Rating\Rating.js                         [22m[32m185.73 KB[39m
[32mESM[39m [1mdist\Transfer\ResetButton.js                  [22m[32m178.41 KB[39m
[32mESM[39m [1mdist\Timeline\TimelinePin.js                  [22m[32m178.38 KB[39m
[32mESM[39m [1mdist\types\svg.d.js                           [22m[32m33.00 B[39m
[32mESM[39m [1mdist\Transfer\Item.js                         [22m[32m186.22 KB[39m
[32mESM[39m [1mdist\Transfer\SelectAllCheckbox.js            [22m[32m186.25 KB[39m
[32mESM[39m [1mdist\Transfer\useTransferContext.js           [22m[32m1.13 KB[39m
[32mESM[39m [1mdist\Toggle\Toggle.js                         [22m[32m389.00 B[39m
[32mESM[39m [1mdist\Toolbar\ToolbarItem.js                   [22m[32m179.29 KB[39m
[32mESM[39m [1mdist\Transfer\TransferButton.js               [22m[32m178.63 KB[39m
[32mESM[39m [1mdist\Transfer\BacktransferButton.js           [22m[32m178.65 KB[39m
[32mESM[39m [1mdist\Transfer\Source.js                       [22m[32m187.99 KB[39m
[32mESM[39m [1mdist\Upload\UploadList.js                     [22m[32m463.00 B[39m
[32mESM[39m [1mdist\Upload\UploadDragNdrop.js                [22m[32m179.30 KB[39m
[32mESM[39m [1mdist\Upload\useUploadContext.js               [22m[32m215.00 B[39m
[32mESM[39m [1mdist\Transfer\Target.js                       [22m[32m187.96 KB[39m
[32mESM[39m [1mdist\Icon\assets\ItAndroidSquare.js           [22m[32m869.00 B[39m
[32mESM[39m [1mdist\Icon\assets\index.js                     [22m[32m176.78 KB[39m
[32mESM[39m [1mdist\Icon\assets\ItApple.js                   [22m[32m835.00 B[39m
[32mESM[39m [1mdist\Icon\assets\ItAppleSquare.js             [22m[32m1.17 KB[39m
[32mESM[39m [1mdist\Icon\assets\ItArrowDownCircle.js         [22m[32m520.00 B[39m
[32mESM[39m [1mdist\Icon\assets\ItAndroid.js                 [22m[32m672.00 B[39m
[32mESM[39m [1mdist\Icon\assets\ItArrowDown.js               [22m[32m416.00 B[39m
[32mESM[39m [1mdist\Transfer\Transfer.js                     [22m[32m191.71 KB[39m
[32mESM[39m [1mdist\Icon\assets\ItArrowLeft.js               [22m[32m412.00 B[39m
[32mESM[39m [1mdist\Icon\assets\ItArrowDownTriangle.js       [22m[32m450.00 B[39m
[32mESM[39m [1mdist\Upload\Upload.js                         [22m[32m178.70 KB[39m
[32mESM[39m [1mdist\Icon\assets\ItArrowLeftTriangle.js       [22m[32m447.00 B[39m
[32mESM[39m [1mdist\Icon\assets\ItArrowLeftCircle.js         [22m[32m519.00 B[39m
[32mESM[39m [1mdist\Icon\assets\ItArrowRightTriangle.js      [22m[32m451.00 B[39m
[32mESM[39m [1mdist\Icon\assets\ItArrowRight.js              [22m[32m413.00 B[39m
[32mESM[39m [1mdist\Icon\assets\ItArrowRightCircle.js        [22m[32m524.00 B[39m
[32mESM[39m [1mdist\Icon\assets\ItArrowUpTriangle.js         [22m[32m445.00 B[39m
[32mESM[39m [1mdist\Icon\assets\ItBookmark.js                [22m[32m402.00 B[39m
[32mESM[39m [1mdist\Icon\assets\ItArrowUpCircle.js           [22m[32m519.00 B[39m
[32mESM[39m [1mdist\Icon\assets\ItCalendar.js                [22m[32m583.00 B[39m
[32mESM[39m [1mdist\Icon\assets\ItArrowUp.js                 [22m[32m410.00 B[39m
[32mESM[39m [1mdist\Icon\assets\ItBluesky.js                 [22m[32m1.09 KB[39m
[32mESM[39m [1mdist\Icon\assets\ItBan.js                     [22m[32m546.00 B[39m
[32mESM[39m [1mdist\Icon\assets\ItBox.js                     [22m[32m443.00 B[39m
[32mESM[39m [1mdist\Icon\assets\ItBehance.js                 [22m[32m1.21 KB[39m
[32mESM[39m [1mdist\Icon\assets\ItBurger.js                  [22m[32m397.00 B[39m
[32mESM[39m [1mdist\Icon\assets\ItCheckCircle.js             [22m[32m507.00 B[39m
[32mESM[39m [1mdist\Icon\assets\ItCard.js                    [22m[32m573.00 B[39m
[32mESM[39m [1mdist\Icon\assets\ItChartLine.js               [22m[32m470.00 B[39m
[32mESM[39m [1mdist\Upload\UploadListItem.js                 [22m[32m180.61 KB[39m
[32mESM[39m [1mdist\Icon\assets\ItCar.js                     [22m[32m900.00 B[39m
[32mESM[39m [1mdist\Icon\assets\ItCamera.js                  [22m[32m742.00 B[39m
[32mESM[39m [1mdist\Icon\assets\ItCart.js                    [22m[32m4.42 KB[39m
[32mESM[39m [1mdist\Icon\assets\ItChevronLeft.js             [22m[32m399.00 B[39m
[32mESM[39m [1mdist\Icon\assets\ItClock.js                   [22m[32m477.00 B[39m
[32mESM[39m [1mdist\Icon\assets\ItCheck.js                   [22m[32m398.00 B[39m
[32mESM[39m [1mdist\Icon\assets\ItChevronRight.js            [22m[32m398.00 B[39m
[32mESM[39m [1mdist\Icon\assets\ItCloseCircle.js             [22m[32m552.00 B[39m
[32mESM[39m [1mdist\Icon\assets\ItClip.js                    [22m[32m545.00 B[39m
[32mESM[39m [1mdist\Icon\assets\ItCloseBig.js                [22m[32m443.00 B[39m
[32mESM[39m [1mdist\Icon\assets\ItClose.js                   [22m[32m440.00 B[39m
[32mESM[39m [1mdist\Icon\assets\ItCodeCircle.js              [22m[32m590.00 B[39m
[32mESM[39m [1mdist\Icon\assets\ItCollapse.js                [22m[32m398.00 B[39m
[32mESM[39m [1mdist\Icon\assets\ItComment.js                 [22m[32m710.00 B[39m
[32mESM[39m [1mdist\Icon\assets\ItDesignersItalia.js         [22m[32m649.00 B[39m
[32mESM[39m [1mdist\Icon\assets\ItDelete.js                  [22m[32m644.00 B[39m
[32mESM[39m [1mdist\Icon\assets\ItCopy.js                    [22m[32m685.00 B[39m
[32mESM[39m [1mdist\Icon\assets\ItExchangeCircle.js          [22m[32m657.00 B[39m
[32mESM[39m [1mdist\Icon\assets\ItError.js                   [22m[32m505.00 B[39m
[32mESM[39m [1mdist\Icon\assets\ItExternalLink.js            [22m[32m545.00 B[39m
[32mESM[39m [1mdist\Icon\assets\ItDownload.js                [22m[32m513.00 B[39m
[32mESM[39m [1mdist\Icon\assets\ItFacebookSquare.js          [22m[32m557.00 B[39m
[32mESM[39m [1mdist\Icon\assets\ItExpand.js                  [22m[32m391.00 B[39m
[32mESM[39m [1mdist\Icon\assets\ItFileCompressed.js          [22m[32m1.13 KB[39m
[32mESM[39m [1mdist\Icon\assets\ItFigmaSquare.js             [22m[32m1.01 KB[39m
[32mESM[39m [1mdist\Icon\assets\ItFigma.js                   [22m[32m989.00 B[39m
[32mESM[39m [1mdist\Icon\assets\ItFacebook.js                [22m[32m473.00 B[39m
[32mESM[39m [1mdist\Icon\assets\ItFileImage.js               [22m[32m6.33 KB[39m
[32mESM[39m [1mdist\Icon\assets\ItFileAudio.js               [22m[32m958.00 B[39m
[32mESM[39m [1mdist\Icon\assets\ItFile.js                    [22m[32m614.00 B[39m
[32mESM[39m [1mdist\Icon\assets\ItFileDocx.js                [22m[32m2.65 KB[39m
[32mESM[39m [1mdist\Icon\assets\ItFileCsv.js                 [22m[32m1.63 KB[39m
[32mESM[39m [1mdist\Icon\assets\ItFileOds.js                 [22m[32m1.92 KB[39m
[32mESM[39m [1mdist\Icon\assets\ItFileOdt.js                 [22m[32m1.47 KB[39m
[32mESM[39m [1mdist\Icon\assets\ItFileJson.js                [22m[32m1.67 KB[39m
[32mESM[39m [1mdist\Icon\assets\ItFileOdp.js                 [22m[32m1.64 KB[39m
[32mESM[39m [1mdist\Icon\assets\ItFilePdfExt.js              [22m[32m1.25 KB[39m
[32mESM[39m [1mdist\Icon\assets\ItFilePpt.js                 [22m[32m1.05 KB[39m
[32mESM[39m [1mdist\Icon\assets\ItFiles.js                   [22m[32m761.00 B[39m
[32mESM[39m [1mdist\Icon\assets\ItFilePdf.js                 [22m[32m2.09 KB[39m
[32mESM[39m [1mdist\Icon\assets\ItFileSheet.js               [22m[32m789.00 B[39m
[32mESM[39m [1mdist\Icon\assets\ItFileXlsx.js                [22m[32m2.21 KB[39m
[32mESM[39m [1mdist\Icon\assets\ItFileSlides.js              [22m[32m825.00 B[39m
[32mESM[39m [1mdist\Icon\assets\ItFileTxt.js                 [22m[32m777.00 B[39m
[32mESM[39m [1mdist\Icon\assets\ItFileVideo.js               [22m[32m860.00 B[39m
[32mESM[39m [1mdist\Icon\assets\ItFileSigned.js              [22m[32m6.28 KB[39m
[32mESM[39m [1mdist\Icon\assets\ItFullscreen.js              [22m[32m438.00 B[39m
[32mESM[39m [1mdist\Icon\assets\ItFlag.js                    [22m[32m413.00 B[39m
[32mESM[39m [1mdist\Icon\assets\ItFlickrSquare.js            [22m[32m672.00 B[39m
[32mESM[39m [1mdist\Icon\assets\ItFolder.js                  [22m[32m541.00 B[39m
[32mESM[39m [1mdist\Icon\assets\ItFileXml.js                 [22m[32m806.00 B[39m
[32mESM[39m [1mdist\Icon\assets\ItFlickr.js                  [22m[32m412.00 B[39m
[32mESM[39m [1mdist\Icon\assets\ItGithub.js                  [22m[32m761.00 B[39m
[32mESM[39m [1mdist\Icon\assets\ItFunnel.js                  [22m[32m406.00 B[39m
[32mESM[39m [1mdist\Icon\assets\ItGoogle.js                  [22m[32m566.00 B[39m
[32mESM[39m [1mdist\Icon\assets\ItHearing.js                 [22m[32m1.13 KB[39m
[32mESM[39m [1mdist\Icon\assets\ItInstagram.js               [22m[32m1.19 KB[39m
[32mESM[39m [1mdist\Icon\assets\ItHelpCircle.js              [22m[32m743.00 B[39m
[32mESM[39m [1mdist\Icon\assets\ItHorn.js                    [22m[32m628.00 B[39m
[32mESM[39m [1mdist\Icon\assets\ItHelp.js                    [22m[32m704.00 B[39m
[32mESM[39m [1mdist\Icon\assets\ItInfoCircle.js              [22m[32m495.00 B[39m
[32mESM[39m [1mdist\Icon\assets\ItLessCircle.js              [22m[32m645.00 B[39m
[32mESM[39m [1mdist\Icon\assets\ItLinkedin.js                [22m[32m809.00 B[39m
[32mESM[39m [1mdist\Icon\assets\ItLinkedinSquare.js          [22m[32m701.00 B[39m
[32mESM[39m [1mdist\Icon\assets\ItInbox.js                   [22m[32m505.00 B[39m
[32mESM[39m [1mdist\Icon\assets\ItKey.js                     [22m[32m675.00 B[39m
[32mESM[39m [1mdist\Icon\assets\ItLink.js                    [22m[32m803.00 B[39m
[32mESM[39m [1mdist\Icon\assets\ItLocked.js                  [22m[32m656.00 B[39m
[32mESM[39m [1mdist\Icon\assets\ItLock.js                    [22m[32m734.00 B[39m
[32mESM[39m [1mdist\Icon\assets\ItMail.js                    [22m[32m599.00 B[39m
[32mESM[39m [1mdist\Icon\assets\ItMapMarker.js               [22m[32m539.00 B[39m
[32mESM[39m [1mdist\Icon\assets\ItLogout.js                  [22m[32m652.00 B[39m
[32mESM[39m [1mdist\Icon\assets\ItMapMarkerCircle.js         [22m[32m724.00 B[39m
[32mESM[39m [1mdist\Icon\assets\ItList.js                    [22m[32m587.00 B[39m
[32mESM[39m [1mdist\Icon\assets\ItMapMarkerMinus.js          [22m[32m551.00 B[39m
[32mESM[39m [1mdist\Icon\assets\ItMastodonSquare.js          [22m[32m1.33 KB[39m
[32mESM[39m [1mdist\Icon\assets\ItMastodon.js                [22m[32m1.15 KB[39m
[32mESM[39m [1mdist\Icon\assets\ItMapMarkerPlus.js           [22m[32m624.00 B[39m
[32mESM[39m [1mdist\Icon\assets\ItMailOpen.js                [22m[32m731.00 B[39m
[32mESM[39m [1mdist\Icon\assets\ItMaximize.js                [22m[32m528.00 B[39m
[32mESM[39m [1mdist\Icon\assets\ItMinimize.js                [22m[32m449.00 B[39m
[32mESM[39m [1mdist\Icon\assets\ItMediumSquare.js            [22m[32m868.00 B[39m
[32mESM[39m [1mdist\Icon\assets\ItMaximizeAlt.js             [22m[32m577.00 B[39m
[32mESM[39m [1mdist\Icon\assets\ItMedium.js                  [22m[32m668.00 B[39m
[32mESM[39m [1mdist\Icon\assets\ItMinus.js                   [22m[32m366.00 B[39m
[32mESM[39m [1mdist\Icon\assets\ItMinusCircle.js             [22m[32m480.00 B[39m
[32mESM[39m [1mdist\Icon\assets\ItMoodleSquare.js            [22m[32m1.33 KB[39m
[32mESM[39m [1mdist\Icon\assets\ItMoreItems.js               [22m[32m673.00 B[39m
[32mESM[39m [1mdist\Icon\assets\ItOpenSource.js              [22m[32m825.00 B[39m
[32mESM[39m [1mdist\Icon\assets\ItMoreActions.js             [22m[32m657.00 B[39m
[32mESM[39m [1mdist\Icon\assets\ItMoodle.js                  [22m[32m1.06 KB[39m
[32mESM[39m [1mdist\Icon\assets\ItPasswordVisible.js         [22m[32m705.00 B[39m
[32mESM[39m [1mdist\Icon\assets\ItPasswordInvisible.js       [22m[32m861.00 B[39m
[32mESM[39m [1mdist\Icon\assets\ItPiattaforme.js             [22m[32m510.00 B[39m
[32mESM[39m [1mdist\Icon\assets\ItNote.js                    [22m[32m616.00 B[39m
[32mESM[39m [1mdist\Icon\assets\ItPa.js                      [22m[32m477.00 B[39m
[32mESM[39m [1mdist\Icon\assets\ItPinterestSquare.js         [22m[32m1.14 KB[39m
[32mESM[39m [1mdist\Icon\assets\ItPencil.js                  [22m[32m700.00 B[39m
[32mESM[39m [1mdist\Icon\assets\ItPlus.js                    [22m[32m393.00 B[39m
[32mESM[39m [1mdist\Icon\assets\ItPlusCircle.js              [22m[32m509.00 B[39m
[32mESM[39m [1mdist\Icon\assets\ItPinterest.js               [22m[32m974.00 B[39m
[32mESM[39m [1mdist\Icon\assets\ItPin.js                     [22m[32m476.00 B[39m
[32mESM[39m [1mdist\Icon\assets\ItQuora.js                   [22m[32m882.00 B[39m
[32mESM[39m [1mdist\Icon\assets\ItPresentation.js            [22m[32m707.00 B[39m
[32mESM[39m [1mdist\Icon\assets\ItQuoraSquare.js             [22m[32m1.04 KB[39m
[32mESM[39m [1mdist\Icon\assets\ItPlug.js                    [22m[32m890.00 B[39m
[32mESM[39m [1mdist\Icon\assets\ItReddit.js                  [22m[32m1.18 KB[39m
[32mESM[39m [1mdist\Icon\assets\ItPrint.js                   [22m[32m563.00 B[39m
[32mESM[39m [1mdist\Icon\assets\ItRestore.js                 [22m[32m548.00 B[39m
[32mESM[39m [1mdist\Icon\assets\ItRedditSquare.js            [22m[32m1.30 KB[39m
[32mESM[39m [1mdist\Icon\assets\ItRss.js                     [22m[32m739.00 B[39m
[32mESM[39m [1mdist\Icon\assets\ItSettings.js                [22m[32m1.42 KB[39m
[32mESM[39m [1mdist\Icon\assets\ItRssSquare.js               [22m[32m640.00 B[39m
[32mESM[39m [1mdist\Icon\assets\ItRefresh.js                 [22m[32m538.00 B[39m
[32mESM[39m [1mdist\Icon\assets\ItSearch.js                  [22m[32m510.00 B[39m
[32mESM[39m [1mdist\Icon\assets\ItStackexchange.js           [22m[32m561.00 B[39m
[32mESM[39m [1mdist\Icon\assets\ItShare.js                   [22m[32m867.00 B[39m
[32mESM[39m [1mdist\Icon\assets\ItSlackSquare.js             [22m[32m1.41 KB[39m
[32mESM[39m [1mdist\Icon\assets\ItSign.js                    [22m[32m3.69 KB[39m
[32mESM[39m [1mdist\Icon\assets\ItSlack.js                   [22m[32m1.28 KB[39m
[32mESM[39m [1mdist\Icon\assets\ItSnapchat.js                [22m[32m2.57 KB[39m
[32mESM[39m [1mdist\Icon\assets\ItStackoverflow.js           [22m[32m671.00 B[39m
[32mESM[39m [1mdist\Icon\assets\ItStackexchangeSquare.js     [22m[32m772.00 B[39m
[32mESM[39m [1mdist\Icon\assets\ItSoftware.js                [22m[32m822.00 B[39m
[32mESM[39m [1mdist\Icon\assets\ItStarOutline.js             [22m[32m548.00 B[39m
[32mESM[39m [1mdist\Icon\assets\ItSpotify.js                 [22m[32m3.45 KB[39m
[32mESM[39m [1mdist\Icon\assets\ItSnapchatSquare.js          [22m[32m5.97 KB[39m
[32mESM[39m [1mdist\Icon\assets\ItStackoverflowSquare.js     [22m[32m840.00 B[39m
[32mESM[39m [1mdist\Icon\assets\ItStarFull.js                [22m[32m430.00 B[39m
[32mESM[39m [1mdist\Icon\assets\ItThreadsSquare.js           [22m[32m1.90 KB[39m
[32mESM[39m [1mdist\Icon\assets\ItTeamDigitale.js            [22m[32m624.00 B[39m
[32mESM[39m [1mdist\Icon\assets\ItTelephone.js               [22m[32m1.03 KB[39m
[32mESM[39m [1mdist\Icon\assets\ItThreads.js                 [22m[32m1.27 KB[39m
[32mESM[39m [1mdist\Icon\assets\ItTiktok.js                  [22m[32m495.00 B[39m
[32mESM[39m [1mdist\Icon\assets\ItTelegram.js                [22m[32m816.00 B[39m
[32mESM[39m [1mdist\Icon\assets\ItTiktokSquare.js            [22m[32m647.00 B[39m
[32mESM[39m [1mdist\Icon\assets\ItTwitterSquare.js           [22m[32m717.00 B[39m
[32mESM[39m [1mdist\Icon\assets\ItUnlocked.js                [22m[32m651.00 B[39m
[32mESM[39m [1mdist\Icon\assets\ItTwitter.js                 [22m[32m529.00 B[39m
[32mESM[39m [1mdist\Icon\assets\ItTool.js                    [22m[32m795.00 B[39m
[32mESM[39m [1mdist\Icon\assets\ItUser.js                    [22m[32m542.00 B[39m
[32mESM[39m [1mdist\Icon\assets\ItUpload.js                  [22m[32m515.00 B[39m
[32mESM[39m [1mdist\Icon\assets\ItVideo.js                   [22m[32m625.00 B[39m
[32mESM[39m [1mdist\Icon\assets\ItWarningCircle.js           [22m[32m512.00 B[39m
[32mESM[39m [1mdist\Icon\assets\ItVimeo.js                   [22m[32m845.00 B[39m
[32mESM[39m [1mdist\Icon\assets\ItVimeoSquare.js             [22m[32m1.01 KB[39m
[32mESM[39m [1mdist\Icon\assets\ItWhatsappSquare.js          [22m[32m1.27 KB[39m
[32mESM[39m [1mdist\Icon\assets\ItWarning.js                 [22m[32m383.00 B[39m
[32mESM[39m [1mdist\Icon\assets\ItYoutube.js                 [22m[32m598.00 B[39m
[32mESM[39m [1mdist\Icon\assets\ItWhatsapp.js                [22m[32m963.00 B[39m
[32mESM[39m [1mdist\Icon\assets\ItWifi.js                    [22m[32m612.00 B[39m
[32mESM[39m [1mdist\Icon\assets\ItZoomIn.js                  [22m[32m564.00 B[39m
[32mESM[39m [1mdist\Icon\assets\ItZoomOut.js                 [22m[32m533.00 B[39m
[32mESM[39m [1mdist\Video\Video.js                           [22m[32m190.44 KB[39m
[32mESM[39m [1mdist\Accordion\Accordion.js.map               [22m[32m1.70 KB[39m
[32mESM[39m [1mdist\track-focus.js.map                       [22m[32m2.17 KB[39m
[32mESM[39m [1mdist\transitions.js.map                       [22m[32m1.09 KB[39m
[32mESM[39m [1mdist\Avatar\AvatarExtraText.js.map            [22m[32m1.12 KB[39m
[32mESM[39m [1mdist\Accordion\AccordionHeader.js.map         [22m[32m2.04 KB[39m
[32mESM[39m [1mdist\Accordion\AccordionBody.js.map           [22m[32m9.32 KB[39m
[32mESM[39m [1mdist\Autocomplete\Autocomplete.js.map         [22m[32m7.58 KB[39m
[32mESM[39m [1mdist\utils.js.map                             [22m[32m3.00 KB[39m
[32mESM[39m [1mdist\Alert\Alert.js.map                       [22m[32m1.84 KB[39m
[32mESM[39m [1mdist\Avatar\AvatarIcon.js.map                 [22m[32m2.44 KB[39m
[32mESM[39m [1mdist\Accordion\AccordionItem.js.map           [22m[32m1.02 KB[39m
[32mESM[39m [1mdist\Avatar\AvatarWrapper.js.map              [22m[32m1.39 KB[39m
[32mESM[39m [1mdist\Avatar\AvatarGroupContainer.js.map       [22m[32m1.24 KB[39m
[32mESM[39m [1mdist\Avatar\AvatarStatus.js.map               [22m[32m1.34 KB[39m
[32mESM[39m [1mdist\Avatar\AvatarPresence.js.map             [22m[32m1.39 KB[39m
[32mESM[39m [1mdist\BottomNav\BottomNav.js.map               [22m[32m931.00 B[39m
[32mESM[39m [1mdist\Avatar\AvatarContainer.js.map            [22m[32m1.21 KB[39m
[32mESM[39m [1mdist\Badge\Badge.js.map                       [22m[32m1.73 KB[39m
[32mESM[39m [1mdist\BackToTop\BackToTop.js.map               [22m[32m314.91 KB[39m
[32mESM[39m [1mdist\BottomNav\BottomNavItem.js.map           [22m[32m315.58 KB[39m
[32mESM[39m [1mdist\Breadcrumb\Breadcrumb.js.map             [22m[32m2.17 KB[39m
[32mESM[39m [1mdist\Button\Button.js.map                     [22m[32m2.39 KB[39m
[32mESM[39m [1mdist\Carousel\Carousel.js.map                 [22m[32m7.77 KB[39m
[32mESM[39m [1mdist\Card\CardBody.js.map                     [22m[32m1.34 KB[39m
[32mESM[39m [1mdist\Callout\CalloutTitle.js.map              [22m[32m1.23 KB[39m
[32mESM[39m [1mdist\Callout\CalloutText.js.map               [22m[32m1.44 KB[39m
[32mESM[39m [1mdist\Carousel\CarouselSlide.js.map            [22m[32m652.00 B[39m
[32mESM[39m [1mdist\Card\CardTagsHeader.js.map               [22m[32m1.44 KB[39m
[32mESM[39m [1mdist\Card\CardFooterCTA.js.map                [22m[32m1.10 KB[39m
[32mESM[39m [1mdist\Callout\Callout.js.map                   [22m[32m1.90 KB[39m
[32mESM[39m [1mdist\Card\CardText.js.map                     [22m[32m1.15 KB[39m
[32mESM[39m [1mdist\Card\CardSignature.js.map                [22m[32m1.10 KB[39m
[32mESM[39m [1mdist\Chips\ChipLabel.js.map                   [22m[32m1.07 KB[39m
[32mESM[39m [1mdist\Chips\Chip.js.map                        [22m[32m1.89 KB[39m
[32mESM[39m [1mdist\Card\CardTag.js.map                      [22m[32m1.07 KB[39m
[32mESM[39m [1mdist\Dropdown\DropdownMenu.js.map             [22m[32m2.05 KB[39m
[32mESM[39m [1mdist\Card\Card.js.map                         [22m[32m3.35 KB[39m
[32mESM[39m [1mdist\Dimmer\DimmerButtons.js.map              [22m[32m1.53 KB[39m
[32mESM[39m [1mdist\Card\CardTitle.js.map                    [22m[32m1.01 KB[39m
[32mESM[39m [1mdist\Grid\GridItem.js.map                     [22m[32m1.11 KB[39m
[32mESM[39m [1mdist\Callout\CalloutMoreFooter.js.map         [22m[32m317.45 KB[39m
[32mESM[39m [1mdist\Grid\GridItemText.js.map                 [22m[32m1004.00 B[39m
[32mESM[39m [1mdist\Dropdown\Dropdown.js.map                 [22m[32m2.05 KB[39m
[32mESM[39m [1mdist\Grid\GridItemTextWrapper.js.map          [22m[32m1.22 KB[39m
[32mESM[39m [1mdist\Card\CardReadMore.js.map                 [22m[32m313.76 KB[39m
[32mESM[39m [1mdist\Grid\GridRow.js.map                      [22m[32m983.00 B[39m
[32mESM[39m [1mdist\Forward\Forward.js.map                   [22m[32m1.65 KB[39m
[32mESM[39m [1mdist\Grid\GridList.js.map                     [22m[32m1002.00 B[39m
[32mESM[39m [1mdist\FontLoader\FontLoader.js.map             [22m[32m1.43 KB[39m
[32mESM[39m [1mdist\Grid\index.js.map                        [22m[32m5.00 KB[39m
[32mESM[39m [1mdist\Header\HeaderRightZone.js.map            [22m[32m2.06 KB[39m
[32mESM[39m [1mdist\Header\Header.js.map                     [22m[32m2.86 KB[39m
[32mESM[39m [1mdist\Icon\EmptyIcon.js.map                    [22m[32m803.00 B[39m
[32mESM[39m [1mdist\Dimmer\Dimmer.js.map                     [22m[32m314.42 KB[39m
[32mESM[39m [1mdist\Card\CardCategory.js.map                 [22m[32m315.22 KB[39m
[32mESM[39m [1mdist\Header\HeaderContent.js.map              [22m[32m3.03 KB[39m
[32mESM[39m [1mdist\Collapse\Collapse.js.map                 [22m[32m317.31 KB[39m
[32mESM[39m [1mdist\Header\HeaderContext.js.map              [22m[32m798.00 B[39m
[32mESM[39m [1mdist\Header\Headers.js.map                    [22m[32m1.36 KB[39m
[32mESM[39m [1mdist\Header\HeaderLinkZone.js.map             [22m[32m1.03 KB[39m
[32mESM[39m [1mdist\Hero\HeroBody.js.map                     [22m[32m1.21 KB[39m
[32mESM[39m [1mdist\Dropdown\DropdownToggle.js.map           [22m[32m314.78 KB[39m
[32mESM[39m [1mdist\Header\HeaderToggler.js.map              [22m[32m3.56 KB[39m
[32mESM[39m [1mdist\Header\HeaderSocialsZone.js.map          [22m[32m1.44 KB[39m
[32mESM[39m [1mdist\Header\HeaderBrand.js.map                [22m[32m316.61 KB[39m
[32mESM[39m [1mdist\Hero\Hero.js.map                         [22m[32m1.87 KB[39m
[32mESM[39m [1mdist\Input\InputContainer.js.map              [22m[32m3.36 KB[39m
[32mESM[39m [1mdist\Hero\HeroBackground.js.map               [22m[32m1.11 KB[39m
[32mESM[39m [1mdist\Hero\HeroButton.js.map                   [22m[32m3.34 KB[39m
[32mESM[39m [1mdist\Hero\HeroCategory.js.map                 [22m[32m913.00 B[39m
[32mESM[39m [1mdist\Hero\HeroTitle.js.map                    [22m[32m931.00 B[39m
[32mESM[39m [1mdist\Hero\index.js.map                        [22m[32m9.00 KB[39m
[32mESM[39m [1mdist\Input\utils.js.map                       [22m[32m9.84 KB[39m
[32mESM[39m [1mdist\LinkList\LinkListItem.js.map             [22m[32m4.45 KB[39m
[32mESM[39m [1mdist\Icon\Icon.js.map                         [22m[32m312.51 KB[39m
[32mESM[39m [1mdist\LinkList\LinkList.js.map                 [22m[32m2.96 KB[39m
[32mESM[39m [1mdist\Input\TextArea.js.map                    [22m[32m19.70 KB[39m
[32mESM[39m [1mdist\Modal\ModalFooter.js.map                 [22m[32m671.00 B[39m
[32mESM[39m [1mdist\Megamenu\MegamenuFooter.js.map           [22m[32m1.46 KB[39m
[32mESM[39m [1mdist\Modal\ModalBody.js.map                   [22m[32m653.00 B[39m
[32mESM[39m [1mdist\Megamenu\MegamenuHighlightColumn.js.map  [22m[32m1.57 KB[39m
[32mESM[39m [1mdist\Notification\Notification.js.map         [22m[32m2.52 KB[39m
[32mESM[39m [1mdist\List\ListItem.js.map                     [22m[32m3.39 KB[39m
[32mESM[39m [1mdist\Modal\Modal.js.map                       [22m[32m3.79 KB[39m
[32mESM[39m [1mdist\GoBack\GoBack.js.map                     [22m[32m315.89 KB[39m
[32mESM[39m [1mdist\Header\HeaderSearch.js.map               [22m[32m313.74 KB[39m
[32mESM[39m [1mdist\Nav\Nav.js.map                           [22m[32m2.34 KB[39m
[32mESM[39m [1mdist\Notification\usePosition.js.map          [22m[32m618.00 B[39m
[32mESM[39m [1mdist\List\List.js.map                         [22m[32m1.88 KB[39m
[32mESM[39m [1mdist\Input\Input.js.map                       [22m[32m344.07 KB[39m
[32mESM[39m [1mdist\Notification\NotificationManager.js.map  [22m[32m10.95 KB[39m
[32mESM[39m [1mdist\Notification\index.js.map                [22m[32m328.67 KB[39m
[32mESM[39m [1mdist\NavScroll\debounce.js.map                [22m[32m779.00 B[39m
[32mESM[39m [1mdist\Megamenu\MegamenuItem.js.map             [22m[32m320.83 KB[39m
[32mESM[39m [1mdist\Notification\types.js.map                [22m[32m71.00 B[39m
[32mESM[39m [1mdist\NavScroll\useSizeDetector.js.map         [22m[32m4.94 KB[39m
[32mESM[39m [1mdist\Modal\ModalHeader.js.map                 [22m[32m316.97 KB[39m
[32mESM[39m [1mdist\ResponsiveImage\ResponsiveImage.js.map   [22m[32m2.29 KB[39m
[32mESM[39m [1mdist\Pager\Pager.js.map                       [22m[32m20.76 KB[39m
[32mESM[39m [1mdist\NavScroll\useNavScroll.js.map            [22m[32m21.66 KB[39m
[32mESM[39m [1mdist\NavScroll\index.js.map                   [22m[32m21.66 KB[39m
[32mESM[39m [1mdist\Progress\Progress.js.map                 [22m[32m6.50 KB[39m
[32mESM[39m [1mdist\NavScroll\types.js.map                   [22m[32m71.00 B[39m
[32mESM[39m [1mdist\Skiplink\Skiplink.js.map                 [22m[32m1.68 KB[39m
[32mESM[39m [1mdist\Notification\NotificationContent.js.map  [22m[32m320.94 KB[39m
[32mESM[39m [1mdist\Skiplink\SkiplinkItem.js.map             [22m[32m2.02 KB[39m
[32mESM[39m [1mdist\Spinner\Spinner.js.map                   [22m[32m2.59 KB[39m
[32mESM[39m [1mdist\Select\Select.js.map                     [22m[32m2.01 KB[39m
[32mESM[39m [1mdist\ThumbNav\ThumbNavItem.js.map             [22m[32m1.31 KB[39m
[32mESM[39m [1mdist\ThumbNav\ThumbNav.js.map                 [22m[32m1.94 KB[39m
[32mESM[39m [1mdist\Sidebar\Sidebar.js.map                   [22m[32m2.32 KB[39m
[32mESM[39m [1mdist\Stepper\StepperContent.js.map            [22m[32m2.03 KB[39m
[32mESM[39m [1mdist\Stepper\StepperDots.js.map               [22m[32m1.18 KB[39m
[32mESM[39m [1mdist\Stepper\StepperContainer.js.map          [22m[32m1.44 KB[39m
[32mESM[39m [1mdist\Timeline\TimelineWrapper.js.map          [22m[32m1.13 KB[39m
[32mESM[39m [1mdist\Section\Section.js.map                   [22m[32m5.86 KB[39m
[32mESM[39m [1mdist\Tab\TabNavItem.js.map                    [22m[32m904.00 B[39m
[32mESM[39m [1mdist\Toolbar\ToolbarDividerItem.js.map        [22m[32m388.00 B[39m
[32mESM[39m [1mdist\Stepper\StepperNav.js.map                [22m[32m1.09 KB[39m
[32mESM[39m [1mdist\Tab\TabNav.js.map                        [22m[32m4.89 KB[39m
[32mESM[39m [1mdist\Tab\TabPanel.js.map                      [22m[32m854.00 B[39m
[32mESM[39m [1mdist\Tab\TabNavLink.js.map                    [22m[32m862.00 B[39m
[32mESM[39m [1mdist\Toolbar\Toolbar.js.map                   [22m[32m1.56 KB[39m
[32mESM[39m [1mdist\Stepper\StepperHeader.js.map             [22m[32m1.46 KB[39m
[32mESM[39m [1mdist\Notification\core.js.map                 [22m[32m322.93 KB[39m
[32mESM[39m [1mdist\Timeline\TimelinePin.js.map              [22m[32m315.33 KB[39m
[32mESM[39m [1mdist\Toggle\Toggle.js.map                     [22m[32m1.62 KB[39m
[32mESM[39m [1mdist\types\svg.d.js.map                       [22m[32m71.00 B[39m
[32mESM[39m [1mdist\Rating\Rating.js.map                     [22m[32m350.52 KB[39m
[32mESM[39m [1mdist\Stepper\StepperHeaderElement.js.map      [22m[32m315.60 KB[39m
[32mESM[39m [1mdist\Transfer\ResetButton.js.map              [22m[32m317.51 KB[39m
[32mESM[39m [1mdist\Transfer\SelectAllCheckbox.js.map        [22m[32m362.90 KB[39m
[32mESM[39m [1mdist\Transfer\Item.js.map                     [22m[32m362.85 KB[39m
[32mESM[39m [1mdist\Transfer\useTransferContext.js.map       [22m[32m5.78 KB[39m
[32mESM[39m [1mdist\Toolbar\ToolbarItem.js.map               [22m[32m320.62 KB[39m
[32mESM[39m [1mdist\Transfer\BacktransferButton.js.map       [22m[32m318.42 KB[39m
[32mESM[39m [1mdist\Transfer\TransferButton.js.map           [22m[32m318.39 KB[39m
[32mESM[39m [1mdist\Upload\UploadDragNdrop.js.map            [22m[32m317.33 KB[39m
[32mESM[39m [1mdist\Transfer\Source.js.map                   [22m[32m373.18 KB[39m
[32mESM[39m [1mdist\Upload\UploadList.js.map                 [22m[32m2.14 KB[39m
[32mESM[39m [1mdist\Upload\useUploadContext.js.map           [22m[32m706.00 B[39m
[32mESM[39m [1mdist\Transfer\Target.js.map                   [22m[32m373.14 KB[39m
[32mESM[39m [1mdist\Icon\assets\ItApple.js.map               [22m[32m1.40 KB[39m
[32mESM[39m [1mdist\Transfer\Transfer.js.map                 [22m[32m386.37 KB[39m
[32mESM[39m [1mdist\Icon\assets\ItAndroidSquare.js.map       [22m[32m1.49 KB[39m
[32mESM[39m [1mdist\Icon\assets\index.js.map                 [22m[32m306.08 KB[39m
[32mESM[39m [1mdist\Icon\assets\ItAppleSquare.js.map         [22m[32m1.81 KB[39m
[32mESM[39m [1mdist\Icon\assets\ItArrowDown.js.map           [22m[32m1015.00 B[39m
[32mESM[39m [1mdist\Icon\assets\ItArrowDownCircle.js.map     [22m[32m1.09 KB[39m
[32mESM[39m [1mdist\Icon\assets\ItAndroid.js.map             [22m[32m1.24 KB[39m
[32mESM[39m [1mdist\Icon\assets\ItArrowLeft.js.map           [22m[32m1011.00 B[39m
[32mESM[39m [1mdist\Icon\assets\ItArrowDownTriangle.js.map   [22m[32m1.02 KB[39m
[32mESM[39m [1mdist\Icon\assets\ItArrowLeftCircle.js.map     [22m[32m1.09 KB[39m
[32mESM[39m [1mdist\Icon\assets\ItArrowRight.js.map          [22m[32m1012.00 B[39m
[32mESM[39m [1mdist\Icon\assets\ItArrowRightTriangle.js.map  [22m[32m1.03 KB[39m
[32mESM[39m [1mdist\Icon\assets\ItArrowRightCircle.js.map    [22m[32m1.10 KB[39m
[32mESM[39m [1mdist\Icon\assets\ItArrowLeftTriangle.js.map   [22m[32m1.02 KB[39m
[32mESM[39m [1mdist\Upload\Upload.js.map                     [22m[32m316.33 KB[39m
[32mESM[39m [1mdist\Icon\assets\ItArrowUpTriangle.js.map     [22m[32m1.02 KB[39m
[32mESM[39m [1mdist\Icon\assets\ItArrowUpCircle.js.map       [22m[32m1.09 KB[39m
[32mESM[39m [1mdist\Icon\assets\ItBookmark.js.map            [22m[32m1001.00 B[39m
[32mESM[39m [1mdist\Icon\assets\ItBluesky.js.map             [22m[32m1.68 KB[39m
[32mESM[39m [1mdist\Icon\assets\ItBurger.js.map              [22m[32m996.00 B[39m
[32mESM[39m [1mdist\Icon\assets\ItArrowUp.js.map             [22m[32m1009.00 B[39m
[32mESM[39m [1mdist\Icon\assets\ItCalendar.js.map            [22m[32m1.15 KB[39m
[32mESM[39m [1mdist\Icon\assets\ItBehance.js.map             [22m[32m1.80 KB[39m
[32mESM[39m [1mdist\Icon\assets\ItBan.js.map                 [22m[32m1.12 KB[39m
[32mESM[39m [1mdist\Icon\assets\ItCheckCircle.js.map         [22m[32m1.08 KB[39m
[32mESM[39m [1mdist\Icon\assets\ItBox.js.map                 [22m[32m1.04 KB[39m
[32mESM[39m [1mdist\Upload\UploadListItem.js.map             [22m[32m324.86 KB[39m
[32mESM[39m [1mdist\Icon\assets\ItChartLine.js.map           [22m[32m1.06 KB[39m
[32mESM[39m [1mdist\Icon\assets\ItClock.js.map               [22m[32m1.05 KB[39m
[32mESM[39m [1mdist\Icon\assets\ItCard.js.map                [22m[32m1.14 KB[39m
[32mESM[39m [1mdist\Icon\assets\ItCamera.js.map              [22m[32m1.31 KB[39m
[32mESM[39m [1mdist\Icon\assets\ItCart.js.map                [22m[32m5.01 KB[39m
[32mESM[39m [1mdist\Icon\assets\ItCar.js.map                 [22m[32m1.47 KB[39m
[32mESM[39m [1mdist\Icon\assets\ItChevronLeft.js.map         [22m[32m998.00 B[39m
[32mESM[39m [1mdist\Icon\assets\ItCheck.js.map               [22m[32m997.00 B[39m
[32mESM[39m [1mdist\Icon\assets\ItChevronRight.js.map        [22m[32m997.00 B[39m
[32mESM[39m [1mdist\Icon\assets\ItClip.js.map                [22m[32m1.12 KB[39m
[32mESM[39m [1mdist\Icon\assets\ItCloseCircle.js.map         [22m[32m1.12 KB[39m
[32mESM[39m [1mdist\Icon\assets\ItClose.js.map               [22m[32m1.01 KB[39m
[32mESM[39m [1mdist\Icon\assets\ItCodeCircle.js.map          [22m[32m1.16 KB[39m
[32mESM[39m [1mdist\Icon\assets\ItCloseBig.js.map            [22m[32m1.02 KB[39m
[32mESM[39m [1mdist\Icon\assets\ItCollapse.js.map            [22m[32m997.00 B[39m
[32mESM[39m [1mdist\Icon\assets\ItComment.js.map             [22m[32m1.28 KB[39m
[32mESM[39m [1mdist\Icon\assets\ItDesignersItalia.js.map     [22m[32m1.22 KB[39m
[32mESM[39m [1mdist\Icon\assets\ItDelete.js.map              [22m[32m1.23 KB[39m
[32mESM[39m [1mdist\Icon\assets\ItExchangeCircle.js.map      [22m[32m1.23 KB[39m
[32mESM[39m [1mdist\Icon\assets\ItCopy.js.map                [22m[32m1.25 KB[39m
[32mESM[39m [1mdist\Icon\assets\ItDownload.js.map            [22m[32m1.09 KB[39m
[32mESM[39m [1mdist\Icon\assets\ItError.js.map               [22m[32m1.08 KB[39m
[32mESM[39m [1mdist\Icon\assets\ItExternalLink.js.map        [22m[32m1.12 KB[39m
[32mESM[39m [1mdist\Icon\assets\ItExpand.js.map              [22m[32m990.00 B[39m
[32mESM[39m [1mdist\Icon\assets\ItFigma.js.map               [22m[32m1.82 KB[39m
[32mESM[39m [1mdist\Icon\assets\ItFileCompressed.js.map      [22m[32m1.89 KB[39m
[32mESM[39m [1mdist\Icon\assets\ItFacebookSquare.js.map      [22m[32m1.13 KB[39m
[32mESM[39m [1mdist\Icon\assets\ItFileImage.js.map           [22m[32m6.96 KB[39m
[32mESM[39m [1mdist\Icon\assets\ItFigmaSquare.js.map         [22m[32m1.66 KB[39m
[32mESM[39m [1mdist\Icon\assets\ItFile.js.map                [22m[32m1.18 KB[39m
[32mESM[39m [1mdist\Icon\assets\ItFacebook.js.map            [22m[32m1.05 KB[39m
[32mESM[39m [1mdist\Icon\assets\ItFileCsv.js.map             [22m[32m2.38 KB[39m
[32mESM[39m [1mdist\Icon\assets\ItFileAudio.js.map           [22m[32m1.70 KB[39m
[32mESM[39m [1mdist\Icon\assets\ItFileOdt.js.map             [22m[32m2.12 KB[39m
[32mESM[39m [1mdist\Icon\assets\ItFileDocx.js.map            [22m[32m3.42 KB[39m
[32mESM[39m [1mdist\Icon\assets\ItFileOds.js.map             [22m[32m2.56 KB[39m
[32mESM[39m [1mdist\Icon\assets\ItFileJson.js.map            [22m[32m2.32 KB[39m
[32mESM[39m [1mdist\Icon\assets\ItFileOdp.js.map             [22m[32m2.28 KB[39m
[32mESM[39m [1mdist\Icon\assets\ItFilePdfExt.js.map          [22m[32m1.90 KB[39m
[32mESM[39m [1mdist\Icon\assets\ItFilePpt.js.map             [22m[32m1.70 KB[39m
[32mESM[39m [1mdist\Icon\assets\ItFiles.js.map               [22m[32m1.33 KB[39m
[32mESM[39m [1mdist\Icon\assets\ItFileSheet.js.map           [22m[32m1.54 KB[39m
[32mESM[39m [1mdist\Icon\assets\ItFileXlsx.js.map            [22m[32m2.95 KB[39m
[32mESM[39m [1mdist\Icon\assets\ItFilePdf.js.map             [22m[32m2.86 KB[39m
[32mESM[39m [1mdist\Icon\assets\ItFileVideo.js.map           [22m[32m1.61 KB[39m
[32mESM[39m [1mdist\Icon\assets\ItFileSlides.js.map          [22m[32m1.45 KB[39m
[32mESM[39m [1mdist\Icon\assets\ItFileTxt.js.map             [22m[32m1.40 KB[39m
[32mESM[39m [1mdist\Icon\assets\ItFlag.js.map                [22m[32m1012.00 B[39m
[32mESM[39m [1mdist\Icon\assets\ItFileSigned.js.map          [22m[32m7.18 KB[39m
[32mESM[39m [1mdist\Icon\assets\ItFlickrSquare.js.map        [22m[32m1.24 KB[39m
[32mESM[39m [1mdist\Icon\assets\ItFullscreen.js.map          [22m[32m1.01 KB[39m
[32mESM[39m [1mdist\Icon\assets\ItGithub.js.map              [22m[32m1.33 KB[39m
[32mESM[39m [1mdist\Icon\assets\ItFileXml.js.map             [22m[32m1.43 KB[39m
[32mESM[39m [1mdist\Icon\assets\ItFlickr.js.map              [22m[32m1.05 KB[39m
[32mESM[39m [1mdist\Icon\assets\ItFunnel.js.map              [22m[32m1005.00 B[39m
[32mESM[39m [1mdist\Icon\assets\ItFolder.js.map              [22m[32m1.11 KB[39m
[32mESM[39m [1mdist\Icon\assets\ItHearing.js.map             [22m[32m1.72 KB[39m
[32mESM[39m [1mdist\Icon\assets\ItGoogle.js.map              [22m[32m1.14 KB[39m
[32mESM[39m [1mdist\Icon\assets\ItInstagram.js.map           [22m[32m1.77 KB[39m
[32mESM[39m [1mdist\Icon\assets\ItHorn.js.map                [22m[32m1.20 KB[39m
[32mESM[39m [1mdist\Icon\assets\ItHelpCircle.js.map          [22m[32m1.31 KB[39m
[32mESM[39m [1mdist\Icon\assets\ItHelp.js.map                [22m[32m1.27 KB[39m
[32mESM[39m [1mdist\Icon\assets\ItLessCircle.js.map          [22m[32m1.24 KB[39m
[32mESM[39m [1mdist\Icon\assets\ItInfoCircle.js.map          [22m[32m1.07 KB[39m
[32mESM[39m [1mdist\Icon\assets\ItLocked.js.map              [22m[32m1.23 KB[39m
[32mESM[39m [1mdist\Icon\assets\ItLinkedin.js.map            [22m[32m1.38 KB[39m
[32mESM[39m [1mdist\Icon\assets\ItInbox.js.map               [22m[32m1.10 KB[39m
[32mESM[39m [1mdist\Icon\assets\ItLock.js.map                [22m[32m1.32 KB[39m
[32mESM[39m [1mdist\Icon\assets\ItLink.js.map                [22m[32m1.37 KB[39m
[32mESM[39m [1mdist\Icon\assets\ItKey.js.map                 [22m[32m1.24 KB[39m
[32mESM[39m [1mdist\Icon\assets\ItMail.js.map                [22m[32m1.17 KB[39m
[32mESM[39m [1mdist\Icon\assets\ItLinkedinSquare.js.map      [22m[32m1.27 KB[39m
[32mESM[39m [1mdist\Icon\assets\ItLogout.js.map              [22m[32m1.38 KB[39m
[32mESM[39m [1mdist\Icon\assets\ItList.js.map                [22m[32m1.16 KB[39m
[32mESM[39m [1mdist\Icon\assets\ItMapMarker.js.map           [22m[32m1.11 KB[39m
[32mESM[39m [1mdist\Icon\assets\ItMapMarkerMinus.js.map      [22m[32m1.12 KB[39m
[32mESM[39m [1mdist\Icon\assets\ItMapMarkerCircle.js.map     [22m[32m1.31 KB[39m
[32mESM[39m [1mdist\Icon\assets\ItMastodon.js.map            [22m[32m1.74 KB[39m
[32mESM[39m [1mdist\Icon\assets\ItMastodonSquare.js.map      [22m[32m1.98 KB[39m
[32mESM[39m [1mdist\Icon\assets\ItMaximize.js.map            [22m[32m1.10 KB[39m
[32mESM[39m [1mdist\Icon\assets\ItMediumSquare.js.map        [22m[32m1.47 KB[39m
[32mESM[39m [1mdist\Icon\assets\ItMapMarkerPlus.js.map       [22m[32m1.21 KB[39m
[32mESM[39m [1mdist\Icon\assets\ItMinimize.js.map            [22m[32m1.02 KB[39m
[32mESM[39m [1mdist\Icon\assets\ItMailOpen.js.map            [22m[32m1.36 KB[39m
[32mESM[39m [1mdist\Icon\assets\ItMoodleSquare.js.map        [22m[32m2.03 KB[39m
[32mESM[39m [1mdist\Icon\assets\ItMaximizeAlt.js.map         [22m[32m1.15 KB[39m
[32mESM[39m [1mdist\Icon\assets\ItMinusCircle.js.map         [22m[32m1.05 KB[39m
[32mESM[39m [1mdist\Icon\assets\ItMedium.js.map              [22m[32m1.24 KB[39m
[32mESM[39m [1mdist\Icon\assets\ItMinus.js.map               [22m[32m965.00 B[39m
[32mESM[39m [1mdist\Icon\assets\ItOpenSource.js.map          [22m[32m1.39 KB[39m
[32mESM[39m [1mdist\Icon\assets\ItMoreItems.js.map           [22m[32m1.24 KB[39m
[32mESM[39m [1mdist\Icon\assets\ItPasswordInvisible.js.map   [22m[32m1.43 KB[39m
[32mESM[39m [1mdist\Icon\assets\ItPasswordVisible.js.map     [22m[32m1.27 KB[39m
[32mESM[39m [1mdist\Icon\assets\ItMoodle.js.map              [22m[32m1.70 KB[39m
[32mESM[39m [1mdist\Icon\assets\ItPiattaforme.js.map         [22m[32m1.10 KB[39m
[32mESM[39m [1mdist\Icon\assets\ItMoreActions.js.map         [22m[32m1.23 KB[39m
[32mESM[39m [1mdist\Icon\assets\ItPinterestSquare.js.map     [22m[32m1.79 KB[39m
[32mESM[39m [1mdist\Icon\assets\ItNote.js.map                [22m[32m1.19 KB[39m
[32mESM[39m [1mdist\Icon\assets\ItPencil.js.map              [22m[32m1.27 KB[39m
[32mESM[39m [1mdist\Icon\assets\ItPlus.js.map                [22m[32m992.00 B[39m
[32mESM[39m [1mdist\Icon\assets\ItPa.js.map                  [22m[32m1.05 KB[39m
[32mESM[39m [1mdist\Icon\assets\ItPlusCircle.js.map          [22m[32m1.08 KB[39m
[32mESM[39m [1mdist\Icon\assets\ItPresentation.js.map        [22m[32m1.28 KB[39m
[32mESM[39m [1mdist\Icon\assets\ItPinterest.js.map           [22m[32m1.54 KB[39m
[32mESM[39m [1mdist\Icon\assets\ItQuoraSquare.js.map         [22m[32m1.67 KB[39m
[32mESM[39m [1mdist\Icon\assets\ItQuora.js.map               [22m[32m1.45 KB[39m
[32mESM[39m [1mdist\Icon\assets\ItPin.js.map                 [22m[32m1.05 KB[39m
[32mESM[39m [1mdist\Icon\assets\ItReddit.js.map              [22m[32m1.79 KB[39m
[32mESM[39m [1mdist\Icon\assets\ItPlug.js.map                [22m[32m1.46 KB[39m
[32mESM[39m [1mdist\Icon\assets\ItRestore.js.map             [22m[32m1.12 KB[39m
[32mESM[39m [1mdist\Icon\assets\ItPrint.js.map               [22m[32m1.13 KB[39m
[32mESM[39m [1mdist\Icon\assets\ItSettings.js.map            [22m[32m2.01 KB[39m
[32mESM[39m [1mdist\Icon\assets\ItRedditSquare.js.map        [22m[32m1.93 KB[39m
[32mESM[39m [1mdist\Icon\assets\ItRefresh.js.map             [22m[32m1.11 KB[39m
[32mESM[39m [1mdist\Icon\assets\ItRssSquare.js.map           [22m[32m1.21 KB[39m
[32mESM[39m [1mdist\Icon\assets\ItSearch.js.map              [22m[32m1.08 KB[39m
[32mESM[39m [1mdist\Icon\assets\ItStackexchange.js.map       [22m[32m1.13 KB[39m
[32mESM[39m [1mdist\Icon\assets\ItSign.js.map                [22m[32m4.38 KB[39m
[32mESM[39m [1mdist\Icon\assets\ItSlackSquare.js.map         [22m[32m2.06 KB[39m
[32mESM[39m [1mdist\Icon\assets\ItShare.js.map               [22m[32m1.43 KB[39m
[32mESM[39m [1mdist\Icon\assets\ItRss.js.map                 [22m[32m1.35 KB[39m
[32mESM[39m [1mdist\Icon\assets\ItSlack.js.map               [22m[32m1.86 KB[39m
[32mESM[39m [1mdist\Icon\assets\ItSnapchat.js.map            [22m[32m3.16 KB[39m
[32mESM[39m [1mdist\Icon\assets\ItStackoverflow.js.map       [22m[32m1.26 KB[39m
[32mESM[39m [1mdist\Icon\assets\ItStarOutline.js.map         [22m[32m1.12 KB[39m
[32mESM[39m [1mdist\Icon\assets\ItSpotify.js.map             [22m[32m4.05 KB[39m
[32mESM[39m [1mdist\Icon\assets\ItSoftware.js.map            [22m[32m1.56 KB[39m
[32mESM[39m [1mdist\Icon\assets\ItStackexchangeSquare.js.map [22m[32m1.40 KB[39m
[32mESM[39m [1mdist\Icon\assets\ItSnapchatSquare.js.map      [22m[32m6.61 KB[39m
[32mESM[39m [1mdist\Icon\assets\ItTiktok.js.map              [22m[32m1.07 KB[39m
[32mESM[39m [1mdist\Icon\assets\ItStackoverflowSquare.js.map [22m[32m1.46 KB[39m
[32mESM[39m [1mdist\Icon\assets\ItTeamDigitale.js.map        [22m[32m1.19 KB[39m
[32mESM[39m [1mdist\Icon\assets\ItStarFull.js.map            [22m[32m1.00 KB[39m
[32mESM[39m [1mdist\Icon\assets\ItThreadsSquare.js.map       [22m[32m2.55 KB[39m
[32mESM[39m [1mdist\Icon\assets\ItTiktokSquare.js.map        [22m[32m1.25 KB[39m
[32mESM[39m [1mdist\Icon\assets\ItTelegram.js.map            [22m[32m1.44 KB[39m
[32mESM[39m [1mdist\Icon\assets\ItThreads.js.map             [22m[32m1.86 KB[39m
[32mESM[39m [1mdist\Icon\assets\ItTwitterSquare.js.map       [22m[32m1.34 KB[39m
[32mESM[39m [1mdist\Icon\assets\ItTelephone.js.map           [22m[32m1.64 KB[39m
[32mESM[39m [1mdist\Icon\assets\ItUnlocked.js.map            [22m[32m1.22 KB[39m
[32mESM[39m [1mdist\Icon\assets\ItUpload.js.map              [22m[32m1.09 KB[39m
[32mESM[39m [1mdist\Icon\assets\ItTwitter.js.map             [22m[32m1.10 KB[39m
[32mESM[39m [1mdist\Icon\assets\ItTool.js.map                [22m[32m1.36 KB[39m
[32mESM[39m [1mdist\Icon\assets\ItVideo.js.map               [22m[32m1.20 KB[39m
[32mESM[39m [1mdist\Icon\assets\ItVimeoSquare.js.map         [22m[32m1.63 KB[39m
[32mESM[39m [1mdist\Icon\assets\ItVimeo.js.map               [22m[32m1.41 KB[39m
[32mESM[39m [1mdist\Icon\assets\ItWarningCircle.js.map       [22m[32m1.08 KB[39m
[32mESM[39m [1mdist\Icon\assets\ItUser.js.map                [22m[32m1.11 KB[39m
[32mESM[39m [1mdist\Icon\assets\ItWhatsappSquare.js.map      [22m[32m1.87 KB[39m
[32mESM[39m [1mdist\Icon\assets\ItWhatsapp.js.map            [22m[32m1.53 KB[39m
[32mESM[39m [1mdist\Icon\assets\ItYoutube.js.map             [22m[32m1.17 KB[39m
[32mESM[39m [1mdist\Icon\assets\ItZoomOut.js.map             [22m[32m1.11 KB[39m
[32mESM[39m [1mdist\Icon\assets\ItWarning.js.map             [22m[32m982.00 B[39m
[32mESM[39m [1mdist\Icon\assets\ItWifi.js.map                [22m[32m1.20 KB[39m
[32mESM[39m [1mdist\Icon\assets\ItZoomIn.js.map              [22m[32m1.14 KB[39m
[32mESM[39m [1mdist\index.js.map                             [22m[32m677.35 KB[39m
[32mESM[39m [1mdist\Video\Video.js.map                       [22m[32m372.69 KB[39m
[32mESM[39m ÔÜí´©Å Build success in 1827ms
[32mCJS[39m [1mdist\assets\upload-drag-drop-icon.svg          [22m[32m2.34 KB[39m
[32mCJS[39m [1mdist\index.cjs                                 [22m[32m263.41 KB[39m
[32mCJS[39m [1mdist\Accordion\Accordion.cjs                   [22m[32m1.02 KB[39m
[32mCJS[39m [1mdist\utils.cjs                                 [22m[32m1.14 KB[39m
[32mCJS[39m [1mdist\transitions.cjs                           [22m[32m800.00 B[39m
[32mCJS[39m [1mdist\track-focus.cjs                           [22m[32m566.00 B[39m
[32mCJS[39m [1mdist\Accordion\AccordionHeader.cjs             [22m[32m1.09 KB[39m
[32mCJS[39m [1mdist\Alert\Alert.cjs                           [22m[32m879.00 B[39m
[32mCJS[39m [1mdist\Autocomplete\Autocomplete.cjs             [22m[32m2.60 KB[39m
[32mCJS[39m [1mdist\Accordion\AccordionBody.cjs               [22m[32m2.31 KB[39m
[32mCJS[39m [1mdist\Accordion\AccordionItem.cjs               [22m[32m897.00 B[39m
[32mCJS[39m [1mdist\Avatar\AvatarContainer.cjs                [22m[32m987.00 B[39m
[32mCJS[39m [1mdist\Avatar\AvatarExtraText.cjs                [22m[32m924.00 B[39m
[32mCJS[39m [1mdist\Avatar\AvatarGroupContainer.cjs           [22m[32m955.00 B[39m
[32mCJS[39m [1mdist\Avatar\AvatarStatus.cjs                   [22m[32m938.00 B[39m
[32mCJS[39m [1mdist\Badge\Badge.cjs                           [22m[32m887.00 B[39m
[32mCJS[39m [1mdist\Avatar\AvatarIcon.cjs                     [22m[32m1.06 KB[39m
[32mCJS[39m [1mdist\Avatar\AvatarPresence.cjs                 [22m[32m950.00 B[39m
[32mCJS[39m [1mdist\BackToTop\BackToTop.cjs                   [22m[32m179.49 KB[39m
[32mCJS[39m [1mdist\Breadcrumb\Breadcrumb.cjs                 [22m[32m1.05 KB[39m
[32mCJS[39m [1mdist\Avatar\AvatarWrapper.cjs                  [22m[32m956.00 B[39m
[32mCJS[39m [1mdist\BottomNav\BottomNav.cjs                   [22m[32m859.00 B[39m
[32mCJS[39m [1mdist\BottomNav\BottomNavItem.cjs               [22m[32m179.63 KB[39m
[32mCJS[39m [1mdist\Callout\CalloutTitle.cjs                  [22m[32m931.00 B[39m
[32mCJS[39m [1mdist\Button\Button.cjs                         [22m[32m1014.00 B[39m
[32mCJS[39m [1mdist\Callout\CalloutText.cjs                   [22m[32m946.00 B[39m
[32mCJS[39m [1mdist\Callout\CalloutMoreFooter.cjs             [22m[32m180.21 KB[39m
[32mCJS[39m [1mdist\Carousel\Carousel.cjs                     [22m[32m3.18 KB[39m
[32mCJS[39m [1mdist\Callout\Callout.cjs                       [22m[32m1.03 KB[39m
[32mCJS[39m [1mdist\Card\CardFooterCTA.cjs                    [22m[32m922.00 B[39m
[32mCJS[39m [1mdist\Card\Card.cjs                             [22m[32m1.31 KB[39m
[32mCJS[39m [1mdist\Card\CardCategory.cjs                     [22m[32m179.64 KB[39m
[32mCJS[39m [1mdist\Carousel\CarouselSlide.cjs                [22m[32m902.00 B[39m
[32mCJS[39m [1mdist\Card\CardSignature.cjs                    [22m[32m923.00 B[39m
[32mCJS[39m [1mdist\Card\CardBody.cjs                         [22m[32m840.00 B[39m
[32mCJS[39m [1mdist\Card\CardReadMore.cjs                     [22m[32m179.18 KB[39m
[32mCJS[39m [1mdist\Card\CardTagsHeader.cjs                   [22m[32m996.00 B[39m
[32mCJS[39m [1mdist\Card\CardTitle.cjs                        [22m[32m817.00 B[39m
[32mCJS[39m [1mdist\Card\CardTag.cjs                          [22m[32m896.00 B[39m
[32mCJS[39m [1mdist\Chips\Chip.cjs                            [22m[32m997.00 B[39m
[32mCJS[39m [1mdist\Card\CardText.cjs                         [22m[32m813.00 B[39m
[32mCJS[39m [1mdist\Chips\ChipLabel.cjs                       [22m[32m907.00 B[39m
[32mCJS[39m [1mdist\Collapse\Collapse.cjs                     [22m[32m179.96 KB[39m
[32mCJS[39m [1mdist\Dropdown\DropdownMenu.cjs                 [22m[32m1.04 KB[39m
[32mCJS[39m [1mdist\Dimmer\DimmerButtons.cjs                  [22m[32m985.00 B[39m
[32mCJS[39m [1mdist\Grid\GridItem.cjs                         [22m[32m922.00 B[39m
[32mCJS[39m [1mdist\Dimmer\Dimmer.cjs                         [22m[32m179.33 KB[39m
[32mCJS[39m [1mdist\Dropdown\Dropdown.cjs                     [22m[32m1.11 KB[39m
[32mCJS[39m [1mdist\Grid\GridItemText.cjs                     [22m[32m923.00 B[39m
[32mCJS[39m [1mdist\Grid\GridItemTextWrapper.cjs              [22m[32m960.00 B[39m
[32mCJS[39m [1mdist\Grid\index.cjs                            [22m[32m1.89 KB[39m
[32mCJS[39m [1mdist\Dropdown\DropdownToggle.cjs               [22m[32m179.53 KB[39m
[32mCJS[39m [1mdist\Grid\GridRow.cjs                          [22m[32m899.00 B[39m
[32mCJS[39m [1mdist\Grid\GridList.cjs                         [22m[32m914.00 B[39m
[32mCJS[39m [1mdist\FontLoader\FontLoader.cjs                 [22m[32m867.00 B[39m
[32mCJS[39m [1mdist\Forward\Forward.cjs                       [22m[32m1.01 KB[39m
[32mCJS[39m [1mdist\Icon\EmptyIcon.cjs                        [22m[32m957.00 B[39m
[32mCJS[39m [1mdist\Header\HeaderBrand.cjs                    [22m[32m179.74 KB[39m
[32mCJS[39m [1mdist\GoBack\GoBack.cjs                         [22m[32m179.49 KB[39m
[32mCJS[39m [1mdist\Icon\Icon.cjs                             [22m[32m179.08 KB[39m
[32mCJS[39m [1mdist\Header\Header.cjs                         [22m[32m1.16 KB[39m
[32mCJS[39m [1mdist\Header\HeaderLinkZone.cjs                 [22m[32m952.00 B[39m
[32mCJS[39m [1mdist\Header\HeaderContext.cjs                  [22m[32m785.00 B[39m
[32mCJS[39m [1mdist\Header\HeaderContent.cjs                  [22m[32m1.37 KB[39m
[32mCJS[39m [1mdist\Header\HeaderRightZone.cjs                [22m[32m1.08 KB[39m
[32mCJS[39m [1mdist\Header\HeaderSocialsZone.cjs              [22m[32m998.00 B[39m
[32mCJS[39m [1mdist\Header\HeaderToggler.cjs                  [22m[32m1.33 KB[39m
[32mCJS[39m [1mdist\Header\HeaderSearch.cjs                   [22m[32m179.27 KB[39m
[32mCJS[39m [1mdist\Header\Headers.cjs                        [22m[32m971.00 B[39m
[32mCJS[39m [1mdist\Hero\HeroButton.cjs                       [22m[32m1.25 KB[39m
[32mCJS[39m [1mdist\Hero\Hero.cjs                             [22m[32m1.02 KB[39m
[32mCJS[39m [1mdist\Hero\HeroBody.cjs                         [22m[32m1.03 KB[39m
[32mCJS[39m [1mdist\Hero\HeroBackground.cjs                   [22m[32m1008.00 B[39m
[32mCJS[39m [1mdist\Hero\HeroTitle.cjs                        [22m[32m888.00 B[39m
[32mCJS[39m [1mdist\Hero\HeroCategory.cjs                     [22m[32m905.00 B[39m
[32mCJS[39m [1mdist\Input\Input.cjs                           [22m[32m186.13 KB[39m
[32mCJS[39m [1mdist\Input\InputContainer.cjs                  [22m[32m1.58 KB[39m
[32mCJS[39m [1mdist\Hero\index.cjs                            [22m[32m2.77 KB[39m
[32mCJS[39m [1mdist\Modal\Modal.cjs                           [22m[32m1.17 KB[39m
[32mCJS[39m [1mdist\LinkList\LinkList.cjs                     [22m[32m1.25 KB[39m
[32mCJS[39m [1mdist\Input\utils.cjs                           [22m[32m2.46 KB[39m
[32mCJS[39m [1mdist\Modal\ModalFooter.cjs                     [22m[32m802.00 B[39m
[32mCJS[39m [1mdist\LinkList\LinkListItem.cjs                 [22m[32m1.53 KB[39m
[32mCJS[39m [1mdist\Input\TextArea.cjs                        [22m[32m4.32 KB[39m
[32mCJS[39m [1mdist\Megamenu\MegamenuHighlightColumn.cjs      [22m[32m1.17 KB[39m
[32mCJS[39m [1mdist\Megamenu\MegamenuItem.cjs                 [22m[32m180.86 KB[39m
[32mCJS[39m [1mdist\Megamenu\MegamenuFooter.cjs               [22m[32m1.02 KB[39m
[32mCJS[39m [1mdist\Modal\ModalBody.cjs                       [22m[32m794.00 B[39m
[32mCJS[39m [1mdist\List\List.cjs                             [22m[32m1.04 KB[39m
[32mCJS[39m [1mdist\Modal\ModalHeader.cjs                     [22m[32m179.42 KB[39m
[32mCJS[39m [1mdist\List\ListItem.cjs                         [22m[32m1.48 KB[39m
[32mCJS[39m [1mdist\Nav\Nav.cjs                               [22m[32m939.00 B[39m
[32mCJS[39m [1mdist\Notification\index.cjs                    [22m[32m182.11 KB[39m
[32mCJS[39m [1mdist\Notification\NotificationContent.cjs      [22m[32m180.54 KB[39m
[32mCJS[39m [1mdist\Notification\Notification.cjs             [22m[32m1.20 KB[39m
[32mCJS[39m [1mdist\Notification\core.cjs                     [22m[32m180.76 KB[39m
[32mCJS[39m [1mdist\Notification\NotificationManager.cjs      [22m[32m2.23 KB[39m
[32mCJS[39m [1mdist\Notification\types.cjs                    [22m[32m431.00 B[39m
[32mCJS[39m [1mdist\NavScroll\debounce.cjs                    [22m[32m628.00 B[39m
[32mCJS[39m [1mdist\NavScroll\useNavScroll.cjs                [22m[32m4.70 KB[39m
[32mCJS[39m [1mdist\Notification\usePosition.cjs              [22m[32m684.00 B[39m
[32mCJS[39m [1mdist\NavScroll\types.cjs                       [22m[32m431.00 B[39m
[32mCJS[39m [1mdist\NavScroll\index.cjs                       [22m[32m4.69 KB[39m
[32mCJS[39m [1mdist\NavScroll\useSizeDetector.cjs             [22m[32m1.47 KB[39m
[32mCJS[39m [1mdist\ResponsiveImage\ResponsiveImage.cjs       [22m[32m1.46 KB[39m
[32mCJS[39m [1mdist\Rating\Rating.cjs                         [22m[32m187.38 KB[39m
[32mCJS[39m [1mdist\Progress\Progress.cjs                     [22m[32m1.93 KB[39m
[32mCJS[39m [1mdist\Section\Section.cjs                       [22m[32m1.47 KB[39m
[32mCJS[39m [1mdist\Pager\Pager.cjs                           [22m[32m1.86 KB[39m
[32mCJS[39m [1mdist\Skiplink\Skiplink.cjs                     [22m[32m1.05 KB[39m
[32mCJS[39m [1mdist\Sidebar\Sidebar.cjs                       [22m[32m1.16 KB[39m
[32mCJS[39m [1mdist\Skiplink\SkiplinkItem.cjs                 [22m[32m1.07 KB[39m
[32mCJS[39m [1mdist\ThumbNav\ThumbNavItem.cjs                 [22m[32m1.02 KB[39m
[32mCJS[39m [1mdist\Stepper\StepperContainer.cjs              [22m[32m977.00 B[39m
[32mCJS[39m [1mdist\Select\Select.cjs                         [22m[32m1.10 KB[39m
[32mCJS[39m [1mdist\Spinner\Spinner.cjs                       [22m[32m1.32 KB[39m
[32mCJS[39m [1mdist\ThumbNav\ThumbNav.cjs                     [22m[32m1.16 KB[39m
[32mCJS[39m [1mdist\Stepper\StepperHeader.cjs                 [22m[32m1.02 KB[39m
[32mCJS[39m [1mdist\Stepper\StepperDots.cjs                   [22m[32m914.00 B[39m
[32mCJS[39m [1mdist\Stepper\StepperContent.cjs                [22m[32m1.22 KB[39m
[32mCJS[39m [1mdist\Stepper\StepperNav.cjs                    [22m[32m911.00 B[39m
[32mCJS[39m [1mdist\Stepper\StepperHeaderElement.cjs          [22m[32m179.54 KB[39m
[32mCJS[39m [1mdist\Tab\TabNavItem.cjs                        [22m[32m886.00 B[39m
[32mCJS[39m [1mdist\Timeline\TimelinePin.cjs                  [22m[32m179.57 KB[39m
[32mCJS[39m [1mdist\Timeline\TimelineWrapper.cjs              [22m[32m930.00 B[39m
[32mCJS[39m [1mdist\Toolbar\ToolbarDividerItem.cjs            [22m[32m861.00 B[39m
[32mCJS[39m [1mdist\Tab\TabNavLink.cjs                        [22m[32m861.00 B[39m
[32mCJS[39m [1mdist\Tab\TabNav.cjs                            [22m[32m1.66 KB[39m
[32mCJS[39m [1mdist\Toolbar\ToolbarItem.cjs                   [22m[32m180.57 KB[39m
[32mCJS[39m [1mdist\Toolbar\Toolbar.cjs                       [22m[32m1.09 KB[39m
[32mCJS[39m [1mdist\Tab\TabPanel.cjs                          [22m[32m868.00 B[39m
[32mCJS[39m [1mdist\Transfer\BacktransferButton.cjs           [22m[32m179.78 KB[39m
[32mCJS[39m [1mdist\Transfer\Item.cjs                         [22m[32m187.06 KB[39m
[32mCJS[39m [1mdist\Transfer\SelectAllCheckbox.cjs            [22m[32m187.08 KB[39m
[32mCJS[39m [1mdist\Transfer\ResetButton.cjs                  [22m[32m179.53 KB[39m
[32mCJS[39m [1mdist\Transfer\Transfer.cjs                     [22m[32m192.94 KB[39m
[32mCJS[39m [1mdist\types\svg.d.cjs                           [22m[32m48.00 B[39m
[32mCJS[39m [1mdist\Toggle\Toggle.cjs                         [22m[32m1.02 KB[39m
[32mCJS[39m [1mdist\Transfer\Source.cjs                       [22m[32m188.90 KB[39m
[32mCJS[39m [1mdist\Transfer\Target.cjs                       [22m[32m188.87 KB[39m
[32mCJS[39m [1mdist\Transfer\TransferButton.cjs               [22m[32m179.76 KB[39m
[32mCJS[39m [1mdist\Transfer\useTransferContext.cjs           [22m[32m1.88 KB[39m
[32mCJS[39m [1mdist\Upload\Upload.cjs                         [22m[32m179.96 KB[39m
[32mCJS[39m [1mdist\Icon\assets\index.cjs                     [22m[32m177.84 KB[39m
[32mCJS[39m [1mdist\Upload\useUploadContext.cjs               [22m[32m722.00 B[39m
[32mCJS[39m [1mdist\Upload\UploadList.cjs                     [22m[32m1.09 KB[39m
[32mCJS[39m [1mdist\Upload\UploadDragNdrop.cjs                [22m[32m180.57 KB[39m
[32mCJS[39m [1mdist\Upload\UploadListItem.cjs                 [22m[32m182.04 KB[39m
[32mCJS[39m [1mdist\Icon\assets\ItAndroid.cjs                 [22m[32m1.27 KB[39m
[32mCJS[39m [1mdist\Icon\assets\ItArrowDown.cjs               [22m[32m1.02 KB[39m
[32mCJS[39m [1mdist\Icon\assets\ItAppleSquare.cjs             [22m[32m1.78 KB[39m
[32mCJS[39m [1mdist\Icon\assets\ItAndroidSquare.cjs           [22m[32m1.47 KB[39m
[32mCJS[39m [1mdist\Icon\assets\ItApple.cjs                   [22m[32m1.43 KB[39m
[32mCJS[39m [1mdist\Icon\assets\ItArrowLeft.cjs               [22m[32m1.02 KB[39m
[32mCJS[39m [1mdist\Icon\assets\ItArrowDownCircle.cjs         [22m[32m1.13 KB[39m
[32mCJS[39m [1mdist\Icon\assets\ItArrowLeftTriangle.cjs       [22m[32m1.05 KB[39m
[32mCJS[39m [1mdist\Icon\assets\ItArrowDownTriangle.cjs       [22m[32m1.06 KB[39m
[32mCJS[39m [1mdist\Icon\assets\ItArrowLeftCircle.cjs         [22m[32m1.12 KB[39m
[32mCJS[39m [1mdist\Icon\assets\ItArrowRightTriangle.cjs      [22m[32m1.06 KB[39m
[32mCJS[39m [1mdist\Icon\assets\ItArrowRight.cjs              [22m[32m1.02 KB[39m
[32mCJS[39m [1mdist\Icon\assets\ItArrowRightCircle.cjs        [22m[32m1.13 KB[39m
[32mCJS[39m [1mdist\Icon\assets\ItArrowUp.cjs                 [22m[32m1.02 KB[39m
[32mCJS[39m [1mdist\Icon\assets\ItArrowUpTriangle.cjs         [22m[32m1.05 KB[39m
[32mCJS[39m [1mdist\Icon\assets\ItBluesky.cjs                 [22m[32m1.71 KB[39m
[32mCJS[39m [1mdist\Icon\assets\ItArrowUpCircle.cjs           [22m[32m1.12 KB[39m
[32mCJS[39m [1mdist\Icon\assets\ItBan.cjs                     [22m[32m1.15 KB[39m
[32mCJS[39m [1mdist\Icon\assets\ItBehance.cjs                 [22m[32m1.83 KB[39m
[32mCJS[39m [1mdist\Icon\assets\ItBookmark.cjs                [22m[32m1.01 KB[39m
[32mCJS[39m [1mdist\Icon\assets\ItBox.cjs                     [22m[32m1.05 KB[39m
[32mCJS[39m [1mdist\Icon\assets\ItCamera.cjs                  [22m[32m1.34 KB[39m
[32mCJS[39m [1mdist\Icon\assets\ItBurger.cjs                  [22m[32m1.00 KB[39m
[32mCJS[39m [1mdist\Icon\assets\ItCalendar.cjs                [22m[32m1.19 KB[39m
[32mCJS[39m [1mdist\Icon\assets\ItCar.cjs                     [22m[32m1.50 KB[39m
[32mCJS[39m [1mdist\Icon\assets\ItCard.cjs                    [22m[32m1.18 KB[39m
[32mCJS[39m [1mdist\Icon\assets\ItCheckCircle.cjs             [22m[32m1.11 KB[39m
[32mCJS[39m [1mdist\Icon\assets\ItChevronLeft.cjs             [22m[32m1.01 KB[39m
[32mCJS[39m [1mdist\Icon\assets\ItCart.cjs                    [22m[32m5.04 KB[39m
[32mCJS[39m [1mdist\Icon\assets\ItChartLine.cjs               [22m[32m1.08 KB[39m
[32mCJS[39m [1mdist\Icon\assets\ItCheck.cjs                   [22m[32m1.01 KB[39m
[32mCJS[39m [1mdist\Icon\assets\ItClip.cjs                    [22m[32m1.15 KB[39m
[32mCJS[39m [1mdist\Icon\assets\ItChevronRight.cjs            [22m[32m1.01 KB[39m
[32mCJS[39m [1mdist\Icon\assets\ItClose.cjs                   [22m[32m1.05 KB[39m
[32mCJS[39m [1mdist\Icon\assets\ItCodeCircle.cjs              [22m[32m1.19 KB[39m
[32mCJS[39m [1mdist\Icon\assets\ItCloseBig.cjs                [22m[32m1.05 KB[39m
[32mCJS[39m [1mdist\Icon\assets\ItCollapse.cjs                [22m[32m1.01 KB[39m
[32mCJS[39m [1mdist\Icon\assets\ItCloseCircle.cjs             [22m[32m1.16 KB[39m
[32mCJS[39m [1mdist\Icon\assets\ItClock.cjs                   [22m[32m1.08 KB[39m
[32mCJS[39m [1mdist\Icon\assets\ItComment.cjs                 [22m[32m1.31 KB[39m
[32mCJS[39m [1mdist\Icon\assets\ItDesignersItalia.cjs         [22m[32m1.25 KB[39m
[32mCJS[39m [1mdist\Icon\assets\ItCopy.cjs                    [22m[32m1.29 KB[39m
[32mCJS[39m [1mdist\Icon\assets\ItDownload.cjs                [22m[32m1.12 KB[39m
[32mCJS[39m [1mdist\Icon\assets\ItDelete.cjs                  [22m[32m1.25 KB[39m
[32mCJS[39m [1mdist\Icon\assets\ItError.cjs                   [22m[32m1.11 KB[39m
[32mCJS[39m [1mdist\Icon\assets\ItExchangeCircle.cjs          [22m[32m1.26 KB[39m
[32mCJS[39m [1mdist\Icon\assets\ItExternalLink.cjs            [22m[32m1.15 KB[39m
[32mCJS[39m [1mdist\Icon\assets\ItFacebook.cjs                [22m[32m1.08 KB[39m
[32mCJS[39m [1mdist\Icon\assets\ItExpand.cjs                  [22m[32m1023.00 B[39m
[32mCJS[39m [1mdist\Icon\assets\ItFacebookSquare.cjs          [22m[32m1.16 KB[39m
[32mCJS[39m [1mdist\Icon\assets\ItFileAudio.cjs               [22m[32m1.55 KB[39m
[32mCJS[39m [1mdist\Icon\assets\ItFigmaSquare.cjs             [22m[32m1.63 KB[39m
[32mCJS[39m [1mdist\Icon\assets\ItFigma.cjs                   [22m[32m1.58 KB[39m
[32mCJS[39m [1mdist\Icon\assets\ItFileCompressed.cjs          [22m[32m1.74 KB[39m
[32mCJS[39m [1mdist\Icon\assets\ItFileDocx.cjs                [22m[32m3.27 KB[39m
[32mCJS[39m [1mdist\Icon\assets\ItFileCsv.cjs                 [22m[32m2.25 KB[39m
[32mCJS[39m [1mdist\Icon\assets\ItFile.cjs                    [22m[32m1.22 KB[39m
[32mCJS[39m [1mdist\Icon\assets\ItFileImage.cjs               [22m[32m6.95 KB[39m
[32mCJS[39m [1mdist\Icon\assets\ItFileOdt.cjs                 [22m[32m2.09 KB[39m
[32mCJS[39m [1mdist\Icon\assets\ItFileOds.cjs                 [22m[32m2.54 KB[39m
[32mCJS[39m [1mdist\Icon\assets\ItFileJson.cjs                [22m[32m2.29 KB[39m
[32mCJS[39m [1mdist\Icon\assets\ItFileOdp.cjs                 [22m[32m2.25 KB[39m
[32mCJS[39m [1mdist\Icon\assets\ItFilePdf.cjs                 [22m[32m2.71 KB[39m
[32mCJS[39m [1mdist\Icon\assets\ItFilePdfExt.cjs              [22m[32m1.87 KB[39m
[32mCJS[39m [1mdist\Icon\assets\ItFilePpt.cjs                 [22m[32m1.67 KB[39m
[32mCJS[39m [1mdist\Icon\assets\ItFileSlides.cjs              [22m[32m1.42 KB[39m
[32mCJS[39m [1mdist\Icon\assets\ItFileSheet.cjs               [22m[32m1.39 KB[39m
[32mCJS[39m [1mdist\Icon\assets\ItFiles.cjs                   [22m[32m1.36 KB[39m
[32mCJS[39m [1mdist\Icon\assets\ItFileTxt.cjs                 [22m[32m1.38 KB[39m
[32mCJS[39m [1mdist\Icon\assets\ItFileSigned.cjs              [22m[32m6.89 KB[39m
[32mCJS[39m [1mdist\Icon\assets\ItFileXlsx.cjs                [22m[32m2.82 KB[39m
[32mCJS[39m [1mdist\Icon\assets\ItFileVideo.cjs               [22m[32m1.46 KB[39m
[32mCJS[39m [1mdist\Icon\assets\ItFileXml.cjs                 [22m[32m1.40 KB[39m
[32mCJS[39m [1mdist\Icon\assets\ItFlickr.cjs                  [22m[32m1.02 KB[39m
[32mCJS[39m [1mdist\Icon\assets\ItFlag.cjs                    [22m[32m1.02 KB[39m
[32mCJS[39m [1mdist\Icon\assets\ItFlickrSquare.cjs            [22m[32m1.27 KB[39m
[32mCJS[39m [1mdist\Icon\assets\ItFullscreen.cjs              [22m[32m1.04 KB[39m
[32mCJS[39m [1mdist\Icon\assets\ItGithub.cjs                  [22m[32m1.36 KB[39m
[32mCJS[39m [1mdist\Icon\assets\ItFolder.cjs                  [22m[32m1.15 KB[39m
[32mCJS[39m [1mdist\Icon\assets\ItGoogle.cjs                  [22m[32m1.17 KB[39m
[32mCJS[39m [1mdist\Icon\assets\ItHelp.cjs                    [22m[32m1.30 KB[39m
[32mCJS[39m [1mdist\Icon\assets\ItHearing.cjs                 [22m[32m1.75 KB[39m
[32mCJS[39m [1mdist\Icon\assets\ItFunnel.cjs                  [22m[32m1.01 KB[39m
[32mCJS[39m [1mdist\Icon\assets\ItInstagram.cjs               [22m[32m1.80 KB[39m
[32mCJS[39m [1mdist\Icon\assets\ItInfoCircle.cjs              [22m[32m1.10 KB[39m
[32mCJS[39m [1mdist\Icon\assets\ItInbox.cjs                   [22m[32m1.11 KB[39m
[32mCJS[39m [1mdist\Icon\assets\ItHelpCircle.cjs              [22m[32m1.34 KB[39m
[32mCJS[39m [1mdist\Icon\assets\ItHorn.cjs                    [22m[32m1.23 KB[39m
[32mCJS[39m [1mdist\Icon\assets\ItLinkedin.cjs                [22m[32m1.41 KB[39m
[32mCJS[39m [1mdist\Icon\assets\ItLessCircle.cjs              [22m[32m1.25 KB[39m
[32mCJS[39m [1mdist\Icon\assets\ItLinkedinSquare.cjs          [22m[32m1.30 KB[39m
[32mCJS[39m [1mdist\Icon\assets\ItKey.cjs                     [22m[32m1.28 KB[39m
[32mCJS[39m [1mdist\Icon\assets\ItList.cjs                    [22m[32m1.19 KB[39m
[32mCJS[39m [1mdist\Icon\assets\ItLock.cjs                    [22m[32m1.33 KB[39m
[32mCJS[39m [1mdist\Icon\assets\ItLink.cjs                    [22m[32m1.40 KB[39m
[32mCJS[39m [1mdist\Icon\assets\ItLocked.cjs                  [22m[32m1.26 KB[39m
[32mCJS[39m [1mdist\Icon\assets\ItLogout.cjs                  [22m[32m1.25 KB[39m
[32mCJS[39m [1mdist\Icon\assets\ItMapMarkerCircle.cjs         [22m[32m1.32 KB[39m
[32mCJS[39m [1mdist\Icon\assets\ItMailOpen.cjs                [22m[32m1.33 KB[39m
[32mCJS[39m [1mdist\Icon\assets\ItMapMarkerMinus.cjs          [22m[32m1.16 KB[39m
[32mCJS[39m [1mdist\Icon\assets\ItMapMarker.cjs               [22m[32m1.14 KB[39m
[32mCJS[39m [1mdist\Icon\assets\ItMail.cjs                    [22m[32m1.20 KB[39m
[32mCJS[39m [1mdist\Icon\assets\ItMapMarkerPlus.cjs           [22m[32m1.23 KB[39m
[32mCJS[39m [1mdist\Icon\assets\ItMastodon.cjs                [22m[32m1.76 KB[39m
[32mCJS[39m [1mdist\Icon\assets\ItMaximize.cjs                [22m[32m1.13 KB[39m
[32mCJS[39m [1mdist\Icon\assets\ItMaximizeAlt.cjs             [22m[32m1.18 KB[39m
[32mCJS[39m [1mdist\Icon\assets\ItMastodonSquare.cjs          [22m[32m1.95 KB[39m
[32mCJS[39m [1mdist\Icon\assets\ItMedium.cjs                  [22m[32m1.27 KB[39m
[32mCJS[39m [1mdist\Icon\assets\ItMinimize.cjs                [22m[32m1.06 KB[39m
[32mCJS[39m [1mdist\Icon\assets\ItMediumSquare.cjs            [22m[32m1.46 KB[39m
[32mCJS[39m [1mdist\Icon\assets\ItMinus.cjs                   [22m[32m998.00 B[39m
[32mCJS[39m [1mdist\Icon\assets\ItMoodle.cjs                  [22m[32m1.67 KB[39m
[32mCJS[39m [1mdist\Icon\assets\ItMinusCircle.cjs             [22m[32m1.09 KB[39m
[32mCJS[39m [1mdist\Icon\assets\ItMoreItems.cjs               [22m[32m1.27 KB[39m
[32mCJS[39m [1mdist\Icon\assets\ItMoreActions.cjs             [22m[32m1.26 KB[39m
[32mCJS[39m [1mdist\Icon\assets\ItMoodleSquare.cjs            [22m[32m1.95 KB[39m
[32mCJS[39m [1mdist\Icon\assets\ItPasswordInvisible.cjs       [22m[32m1.46 KB[39m
[32mCJS[39m [1mdist\Icon\assets\ItNote.cjs                    [22m[32m1.22 KB[39m
[32mCJS[39m [1mdist\Icon\assets\ItOpenSource.cjs              [22m[32m1.42 KB[39m
[32mCJS[39m [1mdist\Icon\assets\ItPasswordVisible.cjs         [22m[32m1.31 KB[39m
[32mCJS[39m [1mdist\Icon\assets\ItPa.cjs                      [22m[32m1.08 KB[39m
[32mCJS[39m [1mdist\Icon\assets\ItPiattaforme.cjs             [22m[32m1.12 KB[39m
[32mCJS[39m [1mdist\Icon\assets\ItPinterest.cjs               [22m[32m1.57 KB[39m
[32mCJS[39m [1mdist\Icon\assets\ItPinterestSquare.cjs         [22m[32m1.76 KB[39m
[32mCJS[39m [1mdist\Icon\assets\ItPresentation.cjs            [22m[32m1.31 KB[39m
[32mCJS[39m [1mdist\Icon\assets\ItPencil.cjs                  [22m[32m1.30 KB[39m
[32mCJS[39m [1mdist\Icon\assets\ItPlusCircle.cjs              [22m[32m1.11 KB[39m
[32mCJS[39m [1mdist\Icon\assets\ItPin.cjs                     [22m[32m1.08 KB[39m
[32mCJS[39m [1mdist\Icon\assets\ItPlus.cjs                    [22m[32m1.00 KB[39m
[32mCJS[39m [1mdist\Icon\assets\ItRedditSquare.cjs            [22m[32m1.92 KB[39m
[32mCJS[39m [1mdist\Icon\assets\ItQuoraSquare.cjs             [22m[32m1.66 KB[39m
[32mCJS[39m [1mdist\Icon\assets\ItPlug.cjs                    [22m[32m1.49 KB[39m
[32mCJS[39m [1mdist\Icon\assets\ItRestore.cjs                 [22m[32m1.15 KB[39m
[32mCJS[39m [1mdist\Icon\assets\ItQuora.cjs                   [22m[32m1.48 KB[39m
[32mCJS[39m [1mdist\Icon\assets\ItPrint.cjs                   [22m[32m1.17 KB[39m
[32mCJS[39m [1mdist\Icon\assets\ItReddit.cjs                  [22m[32m1.80 KB[39m
[32mCJS[39m [1mdist\Icon\assets\ItRefresh.cjs                 [22m[32m1.14 KB[39m
[32mCJS[39m [1mdist\Icon\assets\ItSettings.cjs                [22m[32m2.04 KB[39m
[32mCJS[39m [1mdist\Icon\assets\ItRss.cjs                     [22m[32m1.34 KB[39m
[32mCJS[39m [1mdist\Icon\assets\ItShare.cjs                   [22m[32m1.46 KB[39m
[32mCJS[39m [1mdist\Icon\assets\ItRssSquare.cjs               [22m[32m1.24 KB[39m
[32mCJS[39m [1mdist\Icon\assets\ItSearch.cjs                  [22m[32m1.12 KB[39m
[32mCJS[39m [1mdist\Icon\assets\ItSlack.cjs                   [22m[32m1.89 KB[39m
[32mCJS[39m [1mdist\Icon\assets\ItSign.cjs                    [22m[32m4.31 KB[39m
[32mCJS[39m [1mdist\Icon\assets\ItSnapchat.cjs                [22m[32m3.19 KB[39m
[32mCJS[39m [1mdist\Icon\assets\ItSoftware.cjs                [22m[32m1.42 KB[39m
[32mCJS[39m [1mdist\Icon\assets\ItSnapchatSquare.cjs          [22m[32m6.59 KB[39m
[32mCJS[39m [1mdist\Icon\assets\ItSpotify.cjs                 [22m[32m4.07 KB[39m
[32mCJS[39m [1mdist\Icon\assets\ItStackexchangeSquare.cjs     [22m[32m1.37 KB[39m
[32mCJS[39m [1mdist\Icon\assets\ItStackoverflow.cjs           [22m[32m1.27 KB[39m
[32mCJS[39m [1mdist\Icon\assets\ItSlackSquare.cjs             [22m[32m2.03 KB[39m
[32mCJS[39m [1mdist\Icon\assets\ItStackexchange.cjs           [22m[32m1.17 KB[39m
[32mCJS[39m [1mdist\Icon\assets\ItStackoverflowSquare.cjs     [22m[32m1.44 KB[39m
[32mCJS[39m [1mdist\Icon\assets\ItStarFull.cjs                [22m[32m1.04 KB[39m
[32mCJS[39m [1mdist\Icon\assets\ItTelephone.cjs               [22m[32m1.65 KB[39m
[32mCJS[39m [1mdist\Icon\assets\ItStarOutline.cjs             [22m[32m1.15 KB[39m
[32mCJS[39m [1mdist\Icon\assets\ItTeamDigitale.cjs            [22m[32m1.23 KB[39m
[32mCJS[39m [1mdist\Icon\assets\ItThreadsSquare.cjs           [22m[32m2.52 KB[39m
[32mCJS[39m [1mdist\Icon\assets\ItThreads.cjs                 [22m[32m1.89 KB[39m
[32mCJS[39m [1mdist\Icon\assets\ItTwitter.cjs                 [22m[32m1.13 KB[39m
[32mCJS[39m [1mdist\Icon\assets\ItTool.cjs                    [22m[32m1.39 KB[39m
[32mCJS[39m [1mdist\Icon\assets\ItTiktokSquare.cjs            [22m[32m1.25 KB[39m
[32mCJS[39m [1mdist\Icon\assets\ItTelegram.cjs                [22m[32m1.41 KB[39m
[32mCJS[39m [1mdist\Icon\assets\ItTiktok.cjs                  [22m[32m1.10 KB[39m
[32mCJS[39m [1mdist\Icon\assets\ItTwitterSquare.cjs           [22m[32m1.32 KB[39m
[32mCJS[39m [1mdist\Icon\assets\ItWarning.cjs                 [22m[32m1015.00 B[39m
[32mCJS[39m [1mdist\Icon\assets\ItUser.cjs                    [22m[32m1.15 KB[39m
[32mCJS[39m [1mdist\Icon\assets\ItUpload.cjs                  [22m[32m1.12 KB[39m
[32mCJS[39m [1mdist\Icon\assets\ItVimeoSquare.cjs             [22m[32m1.63 KB[39m
[32mCJS[39m [1mdist\Icon\assets\ItUnlocked.cjs                [22m[32m1.25 KB[39m
[32mCJS[39m [1mdist\Icon\assets\ItWarningCircle.cjs           [22m[32m1.12 KB[39m
[32mCJS[39m [1mdist\Icon\assets\ItVimeo.cjs                   [22m[32m1.44 KB[39m
[32mCJS[39m [1mdist\Icon\assets\ItVideo.cjs                   [22m[32m1.23 KB[39m
[32mCJS[39m [1mdist\Icon\assets\ItWhatsappSquare.cjs          [22m[32m1.88 KB[39m
[32mCJS[39m [1mdist\Icon\assets\ItWhatsapp.cjs                [22m[32m1.56 KB[39m
[32mCJS[39m [1mdist\Icon\assets\ItYoutube.cjs                 [22m[32m1.20 KB[39m
[32mCJS[39m [1mdist\Icon\assets\ItZoomOut.cjs                 [22m[32m1.14 KB[39m
[32mCJS[39m [1mdist\Video\Video.cjs                           [22m[32m192.48 KB[39m
[32mCJS[39m [1mdist\Icon\assets\ItWifi.cjs                    [22m[32m1.21 KB[39m
[32mCJS[39m [1mdist\Icon\assets\ItZoomIn.cjs                  [22m[32m1.17 KB[39m
[32mCJS[39m [1mdist\Accordion\Accordion.cjs.map               [22m[32m1.84 KB[39m
[32mCJS[39m [1mdist\Accordion\AccordionHeader.cjs.map         [22m[32m2.19 KB[39m
[32mCJS[39m [1mdist\Alert\Alert.cjs.map                       [22m[32m1.97 KB[39m
[32mCJS[39m [1mdist\track-focus.cjs.map                       [22m[32m2.17 KB[39m
[32mCJS[39m [1mdist\utils.cjs.map                             [22m[32m3.17 KB[39m
[32mCJS[39m [1mdist\Avatar\AvatarContainer.cjs.map            [22m[32m1.36 KB[39m
[32mCJS[39m [1mdist\Autocomplete\Autocomplete.cjs.map         [22m[32m7.68 KB[39m
[32mCJS[39m [1mdist\transitions.cjs.map                       [22m[32m1.21 KB[39m
[32mCJS[39m [1mdist\Avatar\AvatarExtraText.cjs.map            [22m[32m1.27 KB[39m
[32mCJS[39m [1mdist\Accordion\AccordionBody.cjs.map           [22m[32m9.36 KB[39m
[32mCJS[39m [1mdist\Accordion\AccordionItem.cjs.map           [22m[32m1.16 KB[39m
[32mCJS[39m [1mdist\Avatar\AvatarGroupContainer.cjs.map       [22m[32m1.39 KB[39m
[32mCJS[39m [1mdist\Badge\Badge.cjs.map                       [22m[32m1.86 KB[39m
[32mCJS[39m [1mdist\Avatar\AvatarStatus.cjs.map               [22m[32m1.48 KB[39m
[32mCJS[39m [1mdist\Breadcrumb\Breadcrumb.cjs.map             [22m[32m2.33 KB[39m
[32mCJS[39m [1mdist\Avatar\AvatarIcon.cjs.map                 [22m[32m2.58 KB[39m
[32mCJS[39m [1mdist\Button\Button.cjs.map                     [22m[32m2.54 KB[39m
[32mCJS[39m [1mdist\Avatar\AvatarWrapper.cjs.map              [22m[32m1.53 KB[39m
[32mCJS[39m [1mdist\Avatar\AvatarPresence.cjs.map             [22m[32m1.53 KB[39m
[32mCJS[39m [1mdist\BackToTop\BackToTop.cjs.map               [22m[32m315.30 KB[39m
[32mCJS[39m [1mdist\Callout\CalloutText.cjs.map               [22m[32m1.58 KB[39m
[32mCJS[39m [1mdist\BottomNav\BottomNav.cjs.map               [22m[32m1.03 KB[39m
[32mCJS[39m [1mdist\BottomNav\BottomNavItem.cjs.map           [22m[32m316.10 KB[39m
[32mCJS[39m [1mdist\Callout\CalloutTitle.cjs.map              [22m[32m1.37 KB[39m
[32mCJS[39m [1mdist\Callout\Callout.cjs.map                   [22m[32m2.04 KB[39m
[32mCJS[39m [1mdist\Carousel\Carousel.cjs.map                 [22m[32m7.90 KB[39m
[32mCJS[39m [1mdist\Callout\CalloutMoreFooter.cjs.map         [22m[32m317.99 KB[39m
[32mCJS[39m [1mdist\Carousel\CarouselSlide.cjs.map            [22m[32m775.00 B[39m
[32mCJS[39m [1mdist\Card\CardFooterCTA.cjs.map                [22m[32m1.24 KB[39m
[32mCJS[39m [1mdist\Card\CardSignature.cjs.map                [22m[32m1.24 KB[39m
[32mCJS[39m [1mdist\Card\CardBody.cjs.map                     [22m[32m1.47 KB[39m
[32mCJS[39m [1mdist\Card\Card.cjs.map                         [22m[32m3.48 KB[39m
[32mCJS[39m [1mdist\Card\CardCategory.cjs.map                 [22m[32m315.73 KB[39m
[32mCJS[39m [1mdist\Card\CardTitle.cjs.map                    [22m[32m1.14 KB[39m
[32mCJS[39m [1mdist\Chips\Chip.cjs.map                        [22m[32m2.02 KB[39m
[32mCJS[39m [1mdist\Card\CardTagsHeader.cjs.map               [22m[32m1.59 KB[39m
[32mCJS[39m [1mdist\Card\CardReadMore.cjs.map                 [22m[32m314.24 KB[39m
[32mCJS[39m [1mdist\Card\CardTag.cjs.map                      [22m[32m1.21 KB[39m
[32mCJS[39m [1mdist\Chips\ChipLabel.cjs.map                   [22m[32m1.21 KB[39m
[32mCJS[39m [1mdist\Dimmer\DimmerButtons.cjs.map              [22m[32m1.67 KB[39m
[32mCJS[39m [1mdist\Card\CardText.cjs.map                     [22m[32m1.28 KB[39m
[32mCJS[39m [1mdist\Collapse\Collapse.cjs.map                 [22m[32m317.83 KB[39m
[32mCJS[39m [1mdist\Dropdown\DropdownMenu.cjs.map             [22m[32m2.12 KB[39m
[32mCJS[39m [1mdist\Dropdown\Dropdown.cjs.map                 [22m[32m2.22 KB[39m
[32mCJS[39m [1mdist\Grid\GridItem.cjs.map                     [22m[32m1.25 KB[39m
[32mCJS[39m [1mdist\Dimmer\Dimmer.cjs.map                     [22m[32m314.90 KB[39m
[32mCJS[39m [1mdist\Grid\GridItemText.cjs.map                 [22m[32m1.12 KB[39m
[32mCJS[39m [1mdist\Grid\index.cjs.map                        [22m[32m5.94 KB[39m
[32mCJS[39m [1mdist\Grid\GridItemTextWrapper.cjs.map          [22m[32m1.37 KB[39m
[32mCJS[39m [1mdist\Dropdown\DropdownToggle.cjs.map           [22m[32m315.26 KB[39m
[32mCJS[39m [1mdist\Grid\GridRow.cjs.map                      [22m[32m1.10 KB[39m
[32mCJS[39m [1mdist\FontLoader\FontLoader.cjs.map             [22m[32m1.54 KB[39m
[32mCJS[39m [1mdist\Forward\Forward.cjs.map                   [22m[32m1.78 KB[39m
[32mCJS[39m [1mdist\Grid\GridList.cjs.map                     [22m[32m1.12 KB[39m
[32mCJS[39m [1mdist\Icon\EmptyIcon.cjs.map                    [22m[32m933.00 B[39m
[32mCJS[39m [1mdist\Header\HeaderLinkZone.cjs.map             [22m[32m1.17 KB[39m
[32mCJS[39m [1mdist\Header\Header.cjs.map                     [22m[32m2.94 KB[39m
[32mCJS[39m [1mdist\Header\HeaderBrand.cjs.map                [22m[32m317.04 KB[39m
[32mCJS[39m [1mdist\Header\HeaderContext.cjs.map              [22m[32m915.00 B[39m
[32mCJS[39m [1mdist\GoBack\GoBack.cjs.map                     [22m[32m316.41 KB[39m
[32mCJS[39m [1mdist\Icon\Icon.cjs.map                         [22m[32m313.03 KB[39m
[32mCJS[39m [1mdist\Header\HeaderRightZone.cjs.map            [22m[32m2.14 KB[39m
[32mCJS[39m [1mdist\Header\HeaderContent.cjs.map              [22m[32m3.05 KB[39m
[32mCJS[39m [1mdist\Header\HeaderSocialsZone.cjs.map          [22m[32m1.59 KB[39m
[32mCJS[39m [1mdist\Header\HeaderToggler.cjs.map              [22m[32m3.57 KB[39m
[32mCJS[39m [1mdist\Hero\HeroButton.cjs.map                   [22m[32m3.53 KB[39m
[32mCJS[39m [1mdist\Header\Headers.cjs.map                    [22m[32m1.49 KB[39m
[32mCJS[39m [1mdist\Hero\HeroBackground.cjs.map               [22m[32m1.25 KB[39m
[32mCJS[39m [1mdist\Hero\HeroBody.cjs.map                     [22m[32m1.32 KB[39m
[32mCJS[39m [1mdist\Header\HeaderSearch.cjs.map               [22m[32m314.23 KB[39m
[32mCJS[39m [1mdist\Hero\HeroTitle.cjs.map                    [22m[32m1.05 KB[39m
[32mCJS[39m [1mdist\Hero\Hero.cjs.map                         [22m[32m2.00 KB[39m
[32mCJS[39m [1mdist\Hero\HeroCategory.cjs.map                 [22m[32m1.03 KB[39m
[32mCJS[39m [1mdist\Hero\index.cjs.map                        [22m[32m10.07 KB[39m
[32mCJS[39m [1mdist\LinkList\LinkList.cjs.map                 [22m[32m3.12 KB[39m
[32mCJS[39m [1mdist\Input\InputContainer.cjs.map              [22m[32m3.53 KB[39m
[32mCJS[39m [1mdist\Modal\Modal.cjs.map                       [22m[32m3.95 KB[39m
[32mCJS[39m [1mdist\Input\Input.cjs.map                       [22m[32m344.55 KB[39m
[32mCJS[39m [1mdist\Modal\ModalFooter.cjs.map                 [22m[32m810.00 B[39m
[32mCJS[39m [1mdist\LinkList\LinkListItem.cjs.map             [22m[32m4.61 KB[39m
[32mCJS[39m [1mdist\Input\utils.cjs.map                       [22m[32m10.05 KB[39m
[32mCJS[39m [1mdist\Input\TextArea.cjs.map                    [22m[32m19.90 KB[39m
[32mCJS[39m [1mdist\Megamenu\MegamenuHighlightColumn.cjs.map  [22m[32m1.72 KB[39m
[32mCJS[39m [1mdist\Modal\ModalBody.cjs.map                   [22m[32m789.00 B[39m
[32mCJS[39m [1mdist\List\List.cjs.map                         [22m[32m2.03 KB[39m
[32mCJS[39m [1mdist\List\ListItem.cjs.map                     [22m[32m3.56 KB[39m
[32mCJS[39m [1mdist\Megamenu\MegamenuFooter.cjs.map           [22m[32m1.61 KB[39m
[32mCJS[39m [1mdist\Modal\ModalHeader.cjs.map                 [22m[32m317.46 KB[39m
[32mCJS[39m [1mdist\Megamenu\MegamenuItem.cjs.map             [22m[32m321.38 KB[39m
[32mCJS[39m [1mdist\NavScroll\debounce.cjs.map                [22m[32m881.00 B[39m
[32mCJS[39m [1mdist\Notification\index.cjs.map                [22m[32m329.60 KB[39m
[32mCJS[39m [1mdist\Notification\NotificationContent.cjs.map  [22m[32m321.51 KB[39m
[32mCJS[39m [1mdist\Notification\Notification.cjs.map         [22m[32m2.58 KB[39m
[32mCJS[39m [1mdist\Nav\Nav.cjs.map                           [22m[32m2.49 KB[39m
[32mCJS[39m [1mdist\ResponsiveImage\ResponsiveImage.cjs.map   [22m[32m2.46 KB[39m
[32mCJS[39m [1mdist\NavScroll\types.cjs.map                   [22m[32m3.18 KB[39m
[32mCJS[39m [1mdist\Notification\usePosition.cjs.map          [22m[32m700.00 B[39m
[32mCJS[39m [1mdist\Notification\NotificationManager.cjs.map  [22m[32m10.97 KB[39m
[32mCJS[39m [1mdist\Notification\core.cjs.map                 [22m[32m323.42 KB[39m
[32mCJS[39m [1mdist\Section\Section.cjs.map                   [22m[32m6.01 KB[39m
[32mCJS[39m [1mdist\Notification\types.cjs.map                [22m[32m868.00 B[39m
[32mCJS[39m [1mdist\NavScroll\index.cjs.map                   [22m[32m21.86 KB[39m
[32mCJS[39m [1mdist\Rating\Rating.cjs.map                     [22m[32m351.01 KB[39m
[32mCJS[39m [1mdist\NavScroll\useNavScroll.cjs.map            [22m[32m21.48 KB[39m
[32mCJS[39m [1mdist\Skiplink\Skiplink.cjs.map                 [22m[32m1.82 KB[39m
[32mCJS[39m [1mdist\ThumbNav\ThumbNavItem.cjs.map             [22m[32m1.46 KB[39m
[32mCJS[39m [1mdist\Progress\Progress.cjs.map                 [22m[32m6.69 KB[39m
[32mCJS[39m [1mdist\NavScroll\useSizeDetector.cjs.map         [22m[32m4.98 KB[39m
[32mCJS[39m [1mdist\Pager\Pager.cjs.map                       [22m[32m19.83 KB[39m
[32mCJS[39m [1mdist\Skiplink\SkiplinkItem.cjs.map             [22m[32m2.17 KB[39m
[32mCJS[39m [1mdist\Sidebar\Sidebar.cjs.map                   [22m[32m2.47 KB[39m
[32mCJS[39m [1mdist\Stepper\StepperContent.cjs.map            [22m[32m2.17 KB[39m
[32mCJS[39m [1mdist\Stepper\StepperContainer.cjs.map          [22m[32m1.59 KB[39m
[32mCJS[39m [1mdist\Spinner\Spinner.cjs.map                   [22m[32m2.76 KB[39m
[32mCJS[39m [1mdist\Select\Select.cjs.map                     [22m[32m2.15 KB[39m
[32mCJS[39m [1mdist\Stepper\StepperHeader.cjs.map             [22m[32m1.61 KB[39m
[32mCJS[39m [1mdist\ThumbNav\ThumbNav.cjs.map                 [22m[32m2.07 KB[39m
[32mCJS[39m [1mdist\Tab\TabNavItem.cjs.map                    [22m[32m1.01 KB[39m
[32mCJS[39m [1mdist\Stepper\StepperHeaderElement.cjs.map      [22m[32m316.11 KB[39m
[32mCJS[39m [1mdist\Timeline\TimelineWrapper.cjs.map          [22m[32m1.27 KB[39m
[32mCJS[39m [1mdist\Stepper\StepperDots.cjs.map               [22m[32m1.32 KB[39m
[32mCJS[39m [1mdist\Stepper\StepperNav.cjs.map                [22m[32m1.23 KB[39m
[32mCJS[39m [1mdist\Tab\TabNav.cjs.map                        [22m[32m5.01 KB[39m
[32mCJS[39m [1mdist\Timeline\TimelinePin.cjs.map              [22m[32m315.84 KB[39m
[32mCJS[39m [1mdist\Tab\TabNavLink.cjs.map                    [22m[32m992.00 B[39m
[32mCJS[39m [1mdist\Toolbar\ToolbarDividerItem.cjs.map        [22m[32m519.00 B[39m
[32mCJS[39m [1mdist\Toolbar\Toolbar.cjs.map                   [22m[32m1.69 KB[39m
[32mCJS[39m [1mdist\types\svg.d.cjs.map                       [22m[32m71.00 B[39m
[32mCJS[39m [1mdist\Transfer\BacktransferButton.cjs.map       [22m[32m318.82 KB[39m
[32mCJS[39m [1mdist\Tab\TabPanel.cjs.map                      [22m[32m982.00 B[39m
[32mCJS[39m [1mdist\Toggle\Toggle.cjs.map                     [22m[32m1.72 KB[39m
[32mCJS[39m [1mdist\Toolbar\ToolbarItem.cjs.map               [22m[32m321.08 KB[39m
[32mCJS[39m [1mdist\Transfer\SelectAllCheckbox.cjs.map        [22m[32m362.33 KB[39m
[32mCJS[39m [1mdist\Transfer\Item.cjs.map                     [22m[32m362.28 KB[39m
[32mCJS[39m [1mdist\Transfer\ResetButton.cjs.map              [22m[32m317.89 KB[39m
[32mCJS[39m [1mdist\Transfer\Transfer.cjs.map                 [22m[32m385.81 KB[39m
[32mCJS[39m [1mdist\Transfer\Source.cjs.map                   [22m[32m372.50 KB[39m
[32mCJS[39m [1mdist\Upload\UploadList.cjs.map                 [22m[32m2.25 KB[39m
[32mCJS[39m [1mdist\Transfer\TransferButton.cjs.map           [22m[32m318.79 KB[39m
[32mCJS[39m [1mdist\Transfer\useTransferContext.cjs.map       [22m[32m5.84 KB[39m
[32mCJS[39m [1mdist\Transfer\Target.cjs.map                   [22m[32m372.46 KB[39m
[32mCJS[39m [1mdist\Upload\Upload.cjs.map                     [22m[32m316.86 KB[39m
[32mCJS[39m [1mdist\Icon\assets\index.cjs.map                 [22m[32m306.55 KB[39m
[32mCJS[39m [1mdist\Upload\useUploadContext.cjs.map           [22m[32m793.00 B[39m
[32mCJS[39m [1mdist\Upload\UploadListItem.cjs.map             [22m[32m325.46 KB[39m
[32mCJS[39m [1mdist\Icon\assets\ItAndroid.cjs.map             [22m[32m1.34 KB[39m
[32mCJS[39m [1mdist\Icon\assets\ItAppleSquare.cjs.map         [22m[32m1.91 KB[39m
[32mCJS[39m [1mdist\Icon\assets\ItAndroidSquare.cjs.map       [22m[32m1.60 KB[39m
[32mCJS[39m [1mdist\Icon\assets\ItArrowDown.cjs.map           [22m[32m1.09 KB[39m
[32mCJS[39m [1mdist\Upload\UploadDragNdrop.cjs.map            [22m[32m317.85 KB[39m
[32mCJS[39m [1mdist\Icon\assets\ItApple.cjs.map               [22m[32m1.50 KB[39m
[32mCJS[39m [1mdist\Icon\assets\ItArrowLeftTriangle.cjs.map   [22m[32m1.13 KB[39m
[32mCJS[39m [1mdist\Icon\assets\ItArrowLeft.cjs.map           [22m[32m1.09 KB[39m
[32mCJS[39m [1mdist\Icon\assets\ItArrowDownCircle.cjs.map     [22m[32m1.20 KB[39m
[32mCJS[39m [1mdist\Icon\assets\ItArrowRightTriangle.cjs.map  [22m[32m1.13 KB[39m
[32mCJS[39m [1mdist\Icon\assets\ItArrowRight.cjs.map          [22m[32m1.09 KB[39m
[32mCJS[39m [1mdist\Icon\assets\ItArrowDownTriangle.cjs.map   [22m[32m1.13 KB[39m
[32mCJS[39m [1mdist\Icon\assets\ItArrowUp.cjs.map             [22m[32m1.08 KB[39m
[32mCJS[39m [1mdist\Icon\assets\ItArrowLeftCircle.cjs.map     [22m[32m1.20 KB[39m
[32mCJS[39m [1mdist\Icon\assets\ItArrowRightCircle.cjs.map    [22m[32m1.20 KB[39m
[32mCJS[39m [1mdist\Icon\assets\ItArrowUpCircle.cjs.map       [22m[32m1.20 KB[39m
[32mCJS[39m [1mdist\Icon\assets\ItArrowUpTriangle.cjs.map     [22m[32m1.13 KB[39m
[32mCJS[39m [1mdist\Icon\assets\ItBluesky.cjs.map             [22m[32m1.78 KB[39m
[32mCJS[39m [1mdist\Icon\assets\ItBan.cjs.map                 [22m[32m1.21 KB[39m
[32mCJS[39m [1mdist\Icon\assets\ItBookmark.cjs.map            [22m[32m1.08 KB[39m
[32mCJS[39m [1mdist\Icon\assets\ItBehance.cjs.map             [22m[32m1.89 KB[39m
[32mCJS[39m [1mdist\Icon\assets\ItBox.cjs.map                 [22m[32m1.13 KB[39m
[32mCJS[39m [1mdist\Icon\assets\ItCamera.cjs.map              [22m[32m1.41 KB[39m
[32mCJS[39m [1mdist\Icon\assets\ItCalendar.cjs.map            [22m[32m1.25 KB[39m
[32mCJS[39m [1mdist\Icon\assets\ItCheckCircle.cjs.map         [22m[32m1.18 KB[39m
[32mCJS[39m [1mdist\Icon\assets\ItCard.cjs.map                [22m[32m1.24 KB[39m
[32mCJS[39m [1mdist\Icon\assets\ItBurger.cjs.map              [22m[32m1.07 KB[39m
[32mCJS[39m [1mdist\Icon\assets\ItCar.cjs.map                 [22m[32m1.56 KB[39m
[32mCJS[39m [1mdist\Icon\assets\ItChevronLeft.cjs.map         [22m[32m1.08 KB[39m
[32mCJS[39m [1mdist\Icon\assets\ItCheck.cjs.map               [22m[32m1.07 KB[39m
[32mCJS[39m [1mdist\Icon\assets\ItCart.cjs.map                [22m[32m5.10 KB[39m
[32mCJS[39m [1mdist\Icon\assets\ItChevronRight.cjs.map        [22m[32m1.08 KB[39m
[32mCJS[39m [1mdist\Icon\assets\ItChartLine.cjs.map           [22m[32m1.16 KB[39m
[32mCJS[39m [1mdist\Icon\assets\ItClip.cjs.map                [22m[32m1.21 KB[39m
[32mCJS[39m [1mdist\Icon\assets\ItCodeCircle.cjs.map          [22m[32m1.26 KB[39m
[32mCJS[39m [1mdist\Icon\assets\ItClose.cjs.map               [22m[32m1.11 KB[39m
[32mCJS[39m [1mdist\Icon\assets\ItCloseBig.cjs.map            [22m[32m1.12 KB[39m
[32mCJS[39m [1mdist\Icon\assets\ItCollapse.cjs.map            [22m[32m1.07 KB[39m
[32mCJS[39m [1mdist\Icon\assets\ItClock.cjs.map               [22m[32m1.15 KB[39m
[32mCJS[39m [1mdist\Icon\assets\ItCloseCircle.cjs.map         [22m[32m1.23 KB[39m
[32mCJS[39m [1mdist\Icon\assets\ItCopy.cjs.map                [22m[32m1.35 KB[39m
[32mCJS[39m [1mdist\Icon\assets\ItDesignersItalia.cjs.map     [22m[32m1.32 KB[39m
[32mCJS[39m [1mdist\Icon\assets\ItComment.cjs.map             [22m[32m1.38 KB[39m
[32mCJS[39m [1mdist\Icon\assets\ItError.cjs.map               [22m[32m1.17 KB[39m
[32mCJS[39m [1mdist\Icon\assets\ItDownload.cjs.map            [22m[32m1.18 KB[39m
[32mCJS[39m [1mdist\Icon\assets\ItExchangeCircle.cjs.map      [22m[32m1.33 KB[39m
[32mCJS[39m [1mdist\Icon\assets\ItDelete.cjs.map              [22m[32m1.33 KB[39m
[32mCJS[39m [1mdist\Icon\assets\ItFacebook.cjs.map            [22m[32m1.15 KB[39m
[32mCJS[39m [1mdist\Icon\assets\ItFileAudio.cjs.map           [22m[32m1.80 KB[39m
[32mCJS[39m [1mdist\Icon\assets\ItExternalLink.cjs.map        [22m[32m1.22 KB[39m
[32mCJS[39m [1mdist\Icon\assets\ItExpand.cjs.map              [22m[32m1.06 KB[39m
[32mCJS[39m [1mdist\Icon\assets\ItFileCompressed.cjs.map      [22m[32m2.00 KB[39m
[32mCJS[39m [1mdist\Icon\assets\ItFigmaSquare.cjs.map         [22m[32m1.76 KB[39m
[32mCJS[39m [1mdist\Icon\assets\ItFacebookSquare.cjs.map      [22m[32m1.23 KB[39m
[32mCJS[39m [1mdist\Icon\assets\ItFileDocx.cjs.map            [22m[32m3.52 KB[39m
[32mCJS[39m [1mdist\Icon\assets\ItFileCsv.cjs.map             [22m[32m2.48 KB[39m
[32mCJS[39m [1mdist\Icon\assets\ItFigma.cjs.map               [22m[32m1.92 KB[39m
[32mCJS[39m [1mdist\Icon\assets\ItFileImage.cjs.map           [22m[32m7.06 KB[39m
[32mCJS[39m [1mdist\Icon\assets\ItFile.cjs.map                [22m[32m1.28 KB[39m
[32mCJS[39m [1mdist\Icon\assets\ItFileOdt.cjs.map             [22m[32m2.21 KB[39m
[32mCJS[39m [1mdist\Icon\assets\ItFileOdp.cjs.map             [22m[32m2.38 KB[39m
[32mCJS[39m [1mdist\Icon\assets\ItFileOds.cjs.map             [22m[32m2.66 KB[39m
[32mCJS[39m [1mdist\Icon\assets\ItFilePpt.cjs.map             [22m[32m1.80 KB[39m
[32mCJS[39m [1mdist\Icon\assets\ItFileJson.cjs.map            [22m[32m2.42 KB[39m
[32mCJS[39m [1mdist\Icon\assets\ItFilePdfExt.cjs.map          [22m[32m2.00 KB[39m
[32mCJS[39m [1mdist\Icon\assets\ItFileTxt.cjs.map             [22m[32m1.50 KB[39m
[32mCJS[39m [1mdist\Icon\assets\ItFilePdf.cjs.map             [22m[32m2.96 KB[39m
[32mCJS[39m [1mdist\Icon\assets\ItFileSlides.cjs.map          [22m[32m1.55 KB[39m
[32mCJS[39m [1mdist\Icon\assets\ItFileSheet.cjs.map           [22m[32m1.64 KB[39m
[32mCJS[39m [1mdist\Icon\assets\ItFileSigned.cjs.map          [22m[32m7.28 KB[39m
[32mCJS[39m [1mdist\Icon\assets\ItFiles.cjs.map               [22m[32m1.42 KB[39m
[32mCJS[39m [1mdist\Icon\assets\ItFileVideo.cjs.map           [22m[32m1.71 KB[39m
[32mCJS[39m [1mdist\Icon\assets\ItFileXlsx.cjs.map            [22m[32m3.05 KB[39m
[32mCJS[39m [1mdist\Icon\assets\ItFileXml.cjs.map             [22m[32m1.53 KB[39m
[32mCJS[39m [1mdist\Icon\assets\ItFlickr.cjs.map              [22m[32m1.15 KB[39m
[32mCJS[39m [1mdist\Icon\assets\ItFlag.cjs.map                [22m[32m1.08 KB[39m
[32mCJS[39m [1mdist\Icon\assets\ItFlickrSquare.cjs.map        [22m[32m1.34 KB[39m
[32mCJS[39m [1mdist\Icon\assets\ItFolder.cjs.map              [22m[32m1.21 KB[39m
[32mCJS[39m [1mdist\Icon\assets\ItFullscreen.cjs.map          [22m[32m1.11 KB[39m
[32mCJS[39m [1mdist\Icon\assets\ItGithub.cjs.map              [22m[32m1.42 KB[39m
[32mCJS[39m [1mdist\Icon\assets\ItGoogle.cjs.map              [22m[32m1.23 KB[39m
[32mCJS[39m [1mdist\Icon\assets\ItHelp.cjs.map                [22m[32m1.37 KB[39m
[32mCJS[39m [1mdist\Icon\assets\ItHearing.cjs.map             [22m[32m1.82 KB[39m
[32mCJS[39m [1mdist\Icon\assets\ItInstagram.cjs.map           [22m[32m1.87 KB[39m
[32mCJS[39m [1mdist\Icon\assets\ItInbox.cjs.map               [22m[32m1.19 KB[39m
[32mCJS[39m [1mdist\Icon\assets\ItFunnel.cjs.map              [22m[32m1.08 KB[39m
[32mCJS[39m [1mdist\Icon\assets\ItLinkedin.cjs.map            [22m[32m1.47 KB[39m
[32mCJS[39m [1mdist\Icon\assets\ItHorn.cjs.map                [22m[32m1.29 KB[39m
[32mCJS[39m [1mdist\Icon\assets\ItInfoCircle.cjs.map          [22m[32m1.17 KB[39m
[32mCJS[39m [1mdist\Icon\assets\ItLinkedinSquare.cjs.map      [22m[32m1.37 KB[39m
[32mCJS[39m [1mdist\Icon\assets\ItHelpCircle.cjs.map          [22m[32m1.41 KB[39m
[32mCJS[39m [1mdist\Icon\assets\ItLessCircle.cjs.map          [22m[32m1.34 KB[39m
[32mCJS[39m [1mdist\Icon\assets\ItKey.cjs.map                 [22m[32m1.34 KB[39m
[32mCJS[39m [1mdist\Icon\assets\ItLocked.cjs.map              [22m[32m1.32 KB[39m
[32mCJS[39m [1mdist\Icon\assets\ItList.cjs.map                [22m[32m1.25 KB[39m
[32mCJS[39m [1mdist\Icon\assets\ItLink.cjs.map                [22m[32m1.46 KB[39m
[32mCJS[39m [1mdist\Icon\assets\ItMapMarkerCircle.cjs.map     [22m[32m1.42 KB[39m
[32mCJS[39m [1mdist\Icon\assets\ItLogout.cjs.map              [22m[32m1.48 KB[39m
[32mCJS[39m [1mdist\Icon\assets\ItLock.cjs.map                [22m[32m1.42 KB[39m
[32mCJS[39m [1mdist\Icon\assets\ItMapMarker.cjs.map           [22m[32m1.21 KB[39m
[32mCJS[39m [1mdist\Icon\assets\ItMailOpen.cjs.map            [22m[32m1.46 KB[39m
[32mCJS[39m [1mdist\Icon\assets\ItMastodon.cjs.map            [22m[32m1.83 KB[39m
[32mCJS[39m [1mdist\Icon\assets\ItMapMarkerMinus.cjs.map      [22m[32m1.23 KB[39m
[32mCJS[39m [1mdist\Icon\assets\ItMapMarkerPlus.cjs.map       [22m[32m1.32 KB[39m
[32mCJS[39m [1mdist\Icon\assets\ItMail.cjs.map                [22m[32m1.26 KB[39m
[32mCJS[39m [1mdist\Icon\assets\ItMaximize.cjs.map            [22m[32m1.20 KB[39m
[32mCJS[39m [1mdist\Icon\assets\ItMaximizeAlt.cjs.map         [22m[32m1.25 KB[39m
[32mCJS[39m [1mdist\Icon\assets\ItMinimize.cjs.map            [22m[32m1.12 KB[39m
[32mCJS[39m [1mdist\Icon\assets\ItMedium.cjs.map              [22m[32m1.33 KB[39m
[32mCJS[39m [1mdist\Icon\assets\ItMediumSquare.cjs.map        [22m[32m1.57 KB[39m
[32mCJS[39m [1mdist\Icon\assets\ItMastodonSquare.cjs.map      [22m[32m2.08 KB[39m
[32mCJS[39m [1mdist\Icon\assets\ItMinus.cjs.map               [22m[32m1.04 KB[39m
[32mCJS[39m [1mdist\Icon\assets\ItMoodle.cjs.map              [22m[32m1.80 KB[39m
[32mCJS[39m [1mdist\Icon\assets\ItMinusCircle.cjs.map         [22m[32m1.16 KB[39m
[32mCJS[39m [1mdist\Icon\assets\ItMoreItems.cjs.map           [22m[32m1.34 KB[39m
[32mCJS[39m [1mdist\Icon\assets\ItMoreActions.cjs.map         [22m[32m1.33 KB[39m
[32mCJS[39m [1mdist\Icon\assets\ItMoodleSquare.cjs.map        [22m[32m2.13 KB[39m
[32mCJS[39m [1mdist\Icon\assets\ItPasswordInvisible.cjs.map   [22m[32m1.53 KB[39m
[32mCJS[39m [1mdist\Icon\assets\ItOpenSource.cjs.map          [22m[32m1.49 KB[39m
[32mCJS[39m [1mdist\Icon\assets\ItNote.cjs.map                [22m[32m1.28 KB[39m
[32mCJS[39m [1mdist\Icon\assets\ItPasswordVisible.cjs.map     [22m[32m1.38 KB[39m
[32mCJS[39m [1mdist\Icon\assets\ItPa.cjs.map                  [22m[32m1.14 KB[39m
[32mCJS[39m [1mdist\Icon\assets\ItPiattaforme.cjs.map         [22m[32m1.21 KB[39m
[32mCJS[39m [1mdist\Icon\assets\ItPinterest.cjs.map           [22m[32m1.64 KB[39m
[32mCJS[39m [1mdist\Icon\assets\ItPinterestSquare.cjs.map     [22m[32m1.89 KB[39m
[32mCJS[39m [1mdist\Icon\assets\ItPresentation.cjs.map        [22m[32m1.38 KB[39m
[32mCJS[39m [1mdist\Icon\assets\ItPin.cjs.map                 [22m[32m1.14 KB[39m
[32mCJS[39m [1mdist\Icon\assets\ItPencil.cjs.map              [22m[32m1.37 KB[39m
[32mCJS[39m [1mdist\Icon\assets\ItPlusCircle.cjs.map          [22m[32m1.18 KB[39m
[32mCJS[39m [1mdist\Icon\assets\ItQuoraSquare.cjs.map         [22m[32m1.77 KB[39m
[32mCJS[39m [1mdist\Icon\assets\ItPlus.cjs.map                [22m[32m1.06 KB[39m
[32mCJS[39m [1mdist\Icon\assets\ItPlug.cjs.map                [22m[32m1.55 KB[39m
[32mCJS[39m [1mdist\Icon\assets\ItRedditSquare.cjs.map        [22m[32m2.03 KB[39m
[32mCJS[39m [1mdist\Icon\assets\ItRefresh.cjs.map             [22m[32m1.21 KB[39m
[32mCJS[39m [1mdist\Icon\assets\ItRestore.cjs.map             [22m[32m1.22 KB[39m
[32mCJS[39m [1mdist\Icon\assets\ItPrint.cjs.map               [22m[32m1.23 KB[39m
[32mCJS[39m [1mdist\Icon\assets\ItQuora.cjs.map               [22m[32m1.54 KB[39m
[32mCJS[39m [1mdist\Icon\assets\ItReddit.cjs.map              [22m[32m1.89 KB[39m
[32mCJS[39m [1mdist\Icon\assets\ItSettings.cjs.map            [22m[32m2.11 KB[39m
[32mCJS[39m [1mdist\Icon\assets\ItShare.cjs.map               [22m[32m1.53 KB[39m
[32mCJS[39m [1mdist\Icon\assets\ItRssSquare.cjs.map           [22m[32m1.31 KB[39m
[32mCJS[39m [1mdist\Icon\assets\ItSearch.cjs.map              [22m[32m1.18 KB[39m
[32mCJS[39m [1mdist\Icon\assets\ItRss.cjs.map                 [22m[32m1.44 KB[39m
[32mCJS[39m [1mdist\Icon\assets\ItSnapchat.cjs.map            [22m[32m3.26 KB[39m
[32mCJS[39m [1mdist\Icon\assets\ItSlack.cjs.map               [22m[32m1.96 KB[39m
[32mCJS[39m [1mdist\Icon\assets\ItSign.cjs.map                [22m[32m4.48 KB[39m
[32mCJS[39m [1mdist\Icon\assets\ItSoftware.cjs.map            [22m[32m1.66 KB[39m
[32mCJS[39m [1mdist\Icon\assets\ItStackexchangeSquare.cjs.map [22m[32m1.51 KB[39m
[32mCJS[39m [1mdist\Icon\assets\ItSlackSquare.cjs.map         [22m[32m2.16 KB[39m
[32mCJS[39m [1mdist\Icon\assets\ItSnapchatSquare.cjs.map      [22m[32m6.72 KB[39m
[32mCJS[39m [1mdist\Icon\assets\ItSpotify.cjs.map             [22m[32m4.15 KB[39m
[32mCJS[39m [1mdist\Icon\assets\ItStackoverflow.cjs.map       [22m[32m1.36 KB[39m
[32mCJS[39m [1mdist\Icon\assets\ItStackoverflowSquare.cjs.map [22m[32m1.57 KB[39m
[32mCJS[39m [1mdist\Icon\assets\ItStackexchange.cjs.map       [22m[32m1.24 KB[39m
[32mCJS[39m [1mdist\Icon\assets\ItTelephone.cjs.map           [22m[32m1.74 KB[39m
[32mCJS[39m [1mdist\Icon\assets\ItTeamDigitale.cjs.map        [22m[32m1.30 KB[39m
[32mCJS[39m [1mdist\Icon\assets\ItStarFull.cjs.map            [22m[32m1.10 KB[39m
[32mCJS[39m [1mdist\Icon\assets\ItStarOutline.cjs.map         [22m[32m1.22 KB[39m
[32mCJS[39m [1mdist\Icon\assets\ItTool.cjs.map                [22m[32m1.46 KB[39m
[32mCJS[39m [1mdist\Icon\assets\ItThreads.cjs.map             [22m[32m1.96 KB[39m
[32mCJS[39m [1mdist\Icon\assets\ItThreadsSquare.cjs.map       [22m[32m2.65 KB[39m
[32mCJS[39m [1mdist\Icon\assets\ItTiktokSquare.cjs.map        [22m[32m1.36 KB[39m
[32mCJS[39m [1mdist\Icon\assets\ItTelegram.cjs.map            [22m[32m1.54 KB[39m
[32mCJS[39m [1mdist\Icon\assets\ItTiktok.cjs.map              [22m[32m1.17 KB[39m
[32mCJS[39m [1mdist\Icon\assets\ItUpload.cjs.map              [22m[32m1.18 KB[39m
[32mCJS[39m [1mdist\Icon\assets\ItTwitter.cjs.map             [22m[32m1.20 KB[39m
[32mCJS[39m [1mdist\Icon\assets\ItTwitterSquare.cjs.map       [22m[32m1.45 KB[39m
[32mCJS[39m [1mdist\Icon\assets\ItUser.cjs.map                [22m[32m1.21 KB[39m
[32mCJS[39m [1mdist\Icon\assets\ItVimeoSquare.cjs.map         [22m[32m1.74 KB[39m
[32mCJS[39m [1mdist\Icon\assets\ItWarning.cjs.map             [22m[32m1.06 KB[39m
[32mCJS[39m [1mdist\Icon\assets\ItUnlocked.cjs.map            [22m[32m1.32 KB[39m
[32mCJS[39m [1mdist\Icon\assets\ItWarningCircle.cjs.map       [22m[32m1.19 KB[39m
[32mCJS[39m [1mdist\Icon\assets\ItVideo.cjs.map               [22m[32m1.29 KB[39m
[32mCJS[39m [1mdist\Icon\assets\ItVimeo.cjs.map               [22m[32m1.51 KB[39m
[32mCJS[39m [1mdist\Icon\assets\ItWhatsapp.cjs.map            [22m[32m1.63 KB[39m
[32mCJS[39m [1mdist\Icon\assets\ItWhatsappSquare.cjs.map      [22m[32m1.98 KB[39m
[32mCJS[39m [1mdist\Icon\assets\ItYoutube.cjs.map             [22m[32m1.27 KB[39m
[32mCJS[39m [1mdist\Icon\assets\ItZoomOut.cjs.map             [22m[32m1.21 KB[39m
[32mCJS[39m [1mdist\Video\Video.cjs.map                       [22m[32m373.32 KB[39m
[32mCJS[39m [1mdist\Icon\assets\ItWifi.cjs.map                [22m[32m1.30 KB[39m
[32mCJS[39m [1mdist\Icon\assets\ItZoomIn.cjs.map              [22m[32m1.23 KB[39m
[32mCJS[39m [1mdist\index.cjs.map                             [22m[32m683.04 KB[39m
[32mCJS[39m ÔÜí´©Å Build success in 1886ms
src/Carousel/CarouselSlide.tsx(5,38): error TS2503: Cannot find namespace 'JSX'.
src/Header/HeaderBrand.tsx(62,15): error TS18046: 'child.props' is of type 'unknown'.
src/Notification/core.tsx(23,37): error TS2345: Argument of type '{ autoClose: number | undefined; containerId?: string | number; duration?: number; fix?: "top" | "bottom" | "right" | "left"; closeOnClick?: boolean; icon?: string | undefined; state?: "success" | "error" | "info" | "warning" | undefined; dismissable?: boolean; onOpen?: <T = NotificationElementProps>(props: T) => vo...' is not assignable to parameter of type 'ToastOptions<unknown>'.
  Types of property 'onOpen' are incompatible.
    Type '(<T = NotificationElementProps>(props: T) => void) | undefined' is not assignable to type '(() => void) | undefined'.
      Type '<T = NotificationElementProps>(props: T) => void' is not assignable to type '() => void'.
        Target signature provides too few arguments. Expected 1 or more, but got 0.
src/Notification/Notification.tsx(2,25): error TS2459: Module '"react-toastify"' declares 'ToastProps' locally, but it is not exported.
src/Notification/Notification.tsx(2,37): error TS2305: Module '"react-toastify"' has no exported member 'useToast'.
src/Notification/NotificationManager.tsx(2,25): error TS2724: '"react-toastify"' has no exported member named 'useToastContainer'. Did you mean 'ToastContainer'?
src/Notification/NotificationManager.tsx(47,28): error TS7006: Parameter '_' implicitly has an 'any' type.
src/Notification/NotificationManager.tsx(47,31): error TS7006: Parameter 'toastList' implicitly has an 'any' type.
src/Notification/NotificationManager.tsx(48,35): error TS7031: Binding element 'content' implicitly has an 'any' type.
src/Notification/NotificationManager.tsx(48,51): error TS7031: Binding element 'toastProps' implicitly has an 'any' type.
src/Tab/TabNav.tsx(37,19): error TS2554: Expected 1 arguments, but got 0.
src/Transfer/Source.tsx(30,15): error TS2339: Property 'id' does not exist on type 'unknown'.
src/Transfer/Source.tsx(30,19): error TS2339: Property 'children' does not exist on type 'unknown'.
src/Transfer/Target.tsx(30,15): error TS2339: Property 'id' does not exist on type 'unknown'.
src/Transfer/Target.tsx(30,19): error TS2339: Property 'children' does not exist on type 'unknown'.
